VM186 js:1360 Google Maps JavaScript API has been loaded directly without loading=async. This can result in suboptimal performance. For best-practice loading patterns please see https://goo.gle/js-api-loading
iea @ VM186 js:1360
google.maps.Load @ VM186 js:14
(anonymous) @ VM186 js:1665
(anonymous) @ VM186 js:1665
js?key=AIzaSyDKT9fftvHwreKtLZDb7KsTOE-d_kwuRrM&libraries=places,geometry&v=weekly:1264 Element with name "gmp-internal-loading-text" already defined.
_.qp @ js?key=AIzaSyDKT9fftvHwreKtLZDb7KsTOE-d_kwuRrM&libraries=places,geometry&v=weekly:1264
(anonymous) @ js?key=AIzaSyDKT9fftvHwreKtLZDb7KsTOE-d_kwuRrM&libraries=places,geometry&v=weekly:1589
(anonymous) @ js?key=AIzaSyDKT9fftvHwreKtLZDb7KsTOE-d_kwuRrM&libraries=places,geometry&v=weekly:1665
js?key=AIzaSyDKT9fftvHwreKtLZDb7KsTOE-d_kwuRrM&libraries=places,geometry&v=weekly:1264 Element with name "gmp-internal-request-error-text" already defined.
_.qp @ js?key=AIzaSyDKT9fftvHwreKtLZDb7KsTOE-d_kwuRrM&libraries=places,geometry&v=weekly:1264
(anonymous) @ js?key=AIzaSyDKT9fftvHwreKtLZDb7KsTOE-d_kwuRrM&libraries=places,geometry&v=weekly:1589
(anonymous) @ js?key=AIzaSyDKT9fftvHwreKtLZDb7KsTOE-d_kwuRrM&libraries=places,geometry&v=weekly:1665
js?key=AIzaSyDKT9fftvHwreKtLZDb7KsTOE-d_kwuRrM&libraries=places,geometry&v=weekly:1264 Element with name "gmp-internal-back-button" already defined.
_.qp @ js?key=AIzaSyDKT9fftvHwreKtLZDb7KsTOE-d_kwuRrM&libraries=places,geometry&v=weekly:1264
(anonymous) @ js?key=AIzaSyDKT9fftvHwreKtLZDb7KsTOE-d_kwuRrM&libraries=places,geometry&v=weekly:1606
(anonymous) @ js?key=AIzaSyDKT9fftvHwreKtLZDb7KsTOE-d_kwuRrM&libraries=places,geometry&v=weekly:1665
js?key=AIzaSyDKT9fftvHwreKtLZDb7KsTOE-d_kwuRrM&libraries=places,geometry&v=weekly:1264 Element with name "gmp-internal-dialog" already defined.
_.qp @ js?key=AIzaSyDKT9fftvHwreKtLZDb7KsTOE-d_kwuRrM&libraries=places,geometry&v=weekly:1264
(anonymous) @ js?key=AIzaSyDKT9fftvHwreKtLZDb7KsTOE-d_kwuRrM&libraries=places,geometry&v=weekly:1612
(anonymous) @ js?key=AIzaSyDKT9fftvHwreKtLZDb7KsTOE-d_kwuRrM&libraries=places,geometry&v=weekly:1665
js?key=AIzaSyDKT9fftvHwreKtLZDb7KsTOE-d_kwuRrM&libraries=places,geometry&v=weekly:1264 Element with name "gmp-internal-disclosure" already defined.
_.qp @ js?key=AIzaSyDKT9fftvHwreKtLZDb7KsTOE-d_kwuRrM&libraries=places,geometry&v=weekly:1264
(anonymous) @ js?key=AIzaSyDKT9fftvHwreKtLZDb7KsTOE-d_kwuRrM&libraries=places,geometry&v=weekly:1638
(anonymous) @ js?key=AIzaSyDKT9fftvHwreKtLZDb7KsTOE-d_kwuRrM&libraries=places,geometry&v=weekly:1665
js?key=AIzaSyDKT9fftvHwreKtLZDb7KsTOE-d_kwuRrM&libraries=places,geometry&v=weekly:1264 Element with name "gmp-internal-disclosure-section" already defined.
_.qp @ js?key=AIzaSyDKT9fftvHwreKtLZDb7KsTOE-d_kwuRrM&libraries=places,geometry&v=weekly:1264
(anonymous) @ js?key=AIzaSyDKT9fftvHwreKtLZDb7KsTOE-d_kwuRrM&libraries=places,geometry&v=weekly:1638
(anonymous) @ js?key=AIzaSyDKT9fftvHwreKtLZDb7KsTOE-d_kwuRrM&libraries=places,geometry&v=weekly:1665
js?key=AIzaSyDKT9fftvHwreKtLZDb7KsTOE-d_kwuRrM&libraries=places,geometry&v=weekly:1264 Element with name "gmp-internal-attribution" already defined.
_.qp @ js?key=AIzaSyDKT9fftvHwreKtLZDb7KsTOE-d_kwuRrM&libraries=places,geometry&v=weekly:1264
(anonymous) @ js?key=AIzaSyDKT9fftvHwreKtLZDb7KsTOE-d_kwuRrM&libraries=places,geometry&v=weekly:1659
(anonymous) @ js?key=AIzaSyDKT9fftvHwreKtLZDb7KsTOE-d_kwuRrM&libraries=places,geometry&v=weekly:1665
js?key=AIzaSyDKT9fftvHwreKtLZDb7KsTOE-d_kwuRrM&libraries=places,geometry&v=weekly:1264 Element with name "gmp-internal-element-support-verification" already defined.
_.qp @ js?key=AIzaSyDKT9fftvHwreKtLZDb7KsTOE-d_kwuRrM&libraries=places,geometry&v=weekly:1264
$da @ js?key=AIzaSyDKT9fftvHwreKtLZDb7KsTOE-d_kwuRrM&libraries=places,geometry&v=weekly:1368
iea @ js?key=AIzaSyDKT9fftvHwreKtLZDb7KsTOE-d_kwuRrM&libraries=places,geometry&v=weekly:1360
google.maps.Load @ js?key=AIzaSyDKT9fftvHwreKtLZDb7KsTOE-d_kwuRrM&libraries=places,geometry&v=weekly:14
(anonymous) @ js?key=AIzaSyDKT9fftvHwreKtLZDb7KsTOE-d_kwuRrM&libraries=places,geometry&v=weekly:1665
(anonymous) @ js?key=AIzaSyDKT9fftvHwreKtLZDb7KsTOE-d_kwuRrM&libraries=places,geometry&v=weekly:1665
js?key=AIzaSyDKT9fftvHwreKtLZDb7KsTOE-d_kwuRrM&libraries=places,geometry&v=weekly:1368 You have included the Google Maps JavaScript API multiple times on this page. This may cause unexpected errors.
aea @ js?key=AIzaSyDKT9fftvHwreKtLZDb7KsTOE-d_kwuRrM&libraries=places,geometry&v=weekly:1368
iea @ js?key=AIzaSyDKT9fftvHwreKtLZDb7KsTOE-d_kwuRrM&libraries=places,geometry&v=weekly:1360
google.maps.Load @ js?key=AIzaSyDKT9fftvHwreKtLZDb7KsTOE-d_kwuRrM&libraries=places,geometry&v=weekly:14
(anonymous) @ js?key=AIzaSyDKT9fftvHwreKtLZDb7KsTOE-d_kwuRrM&libraries=places,geometry&v=weekly:1665
(anonymous) @ js?key=AIzaSyDKT9fftvHwreKtLZDb7KsTOE-d_kwuRrM&libraries=places,geometry&v=weekly:1665
js?key=AIzaSyDKT9fftvHwreKtLZDb7KsTOE-d_kwuRrM&libraries=places,geometry&v=weekly:1360 Google Maps JavaScript API has been loaded directly without loading=async. This can result in suboptimal performance. For best-practice loading patterns please see https://goo.gle/js-api-loading
iea @ js?key=AIzaSyDKT9fftvHwreKtLZDb7KsTOE-d_kwuRrM&libraries=places,geometry&v=weekly:1360
google.maps.Load @ js?key=AIzaSyDKT9fftvHwreKtLZDb7KsTOE-d_kwuRrM&libraries=places,geometry&v=weekly:14
(anonymous) @ js?key=AIzaSyDKT9fftvHwreKtLZDb7KsTOE-d_kwuRrM&libraries=places,geometry&v=weekly:1665
(anonymous) @ js?key=AIzaSyDKT9fftvHwreKtLZDb7KsTOE-d_kwuRrM&libraries=places,geometry&v=weekly:1665
js?key=AIzaSyDKT9fftvHwreKtLZDb7KsTOE-d_kwuRrM&libraries=places,geometry&v=weekly:1264 Element with name "gmp-internal-rating" already defined.
_.qp @ js?key=AIzaSyDKT9fftvHwreKtLZDb7KsTOE-d_kwuRrM&libraries=places,geometry&v=weekly:1264
(anonymous) @ js?key=AIzaSyDKT9fftvHwreKtLZDb7KsTOE-d_kwuRrM&libraries=places,geometry&v=weekly:580
(anonymous) @ js?key=AIzaSyDKT9fftvHwreKtLZDb7KsTOE-d_kwuRrM&libraries=places,geometry&v=weekly:1224
(anonymous) @ js?key=AIzaSyDKT9fftvHwreKtLZDb7KsTOE-d_kwuRrM&libraries=places,geometry&v=weekly:1226
(anonymous) @ js?key=AIzaSyDKT9fftvHwreKtLZDb7KsTOE-d_kwuRrM&libraries=places,geometry&v=weekly:1224
init @ js?key=AIzaSyDKT9fftvHwreKtLZDb7KsTOE-d_kwuRrM&libraries=places,geometry&v=weekly:1419
init @ js?key=AIzaSyDKT9fftvHwreKtLZDb7KsTOE-d_kwuRrM&libraries=places,geometry&v=weekly:1418
Bda @ js?key=AIzaSyDKT9fftvHwreKtLZDb7KsTOE-d_kwuRrM&libraries=places,geometry&v=weekly:1330
iea @ js?key=AIzaSyDKT9fftvHwreKtLZDb7KsTOE-d_kwuRrM&libraries=places,geometry&v=weekly:1362
google.maps.Load @ js?key=AIzaSyDKT9fftvHwreKtLZDb7KsTOE-d_kwuRrM&libraries=places,geometry&v=weekly:14
(anonymous) @ js?key=AIzaSyDKT9fftvHwreKtLZDb7KsTOE-d_kwuRrM&libraries=places,geometry&v=weekly:1665
(anonymous) @ js?key=AIzaSyDKT9fftvHwreKtLZDb7KsTOE-d_kwuRrM&libraries=places,geometry&v=weekly:1665
js?key=AIzaSyDKT9fftvHwreKtLZDb7KsTOE-d_kwuRrM&libraries=places,geometry&v=weekly:1264 Element with name "gmp-internal-link-button" already defined.
_.qp @ js?key=AIzaSyDKT9fftvHwreKtLZDb7KsTOE-d_kwuRrM&libraries=places,geometry&v=weekly:1264
(anonymous) @ js?key=AIzaSyDKT9fftvHwreKtLZDb7KsTOE-d_kwuRrM&libraries=places,geometry&v=weekly:614
(anonymous) @ js?key=AIzaSyDKT9fftvHwreKtLZDb7KsTOE-d_kwuRrM&libraries=places,geometry&v=weekly:1224
(anonymous) @ js?key=AIzaSyDKT9fftvHwreKtLZDb7KsTOE-d_kwuRrM&libraries=places,geometry&v=weekly:1226
(anonymous) @ js?key=AIzaSyDKT9fftvHwreKtLZDb7KsTOE-d_kwuRrM&libraries=places,geometry&v=weekly:1224
init @ js?key=AIzaSyDKT9fftvHwreKtLZDb7KsTOE-d_kwuRrM&libraries=places,geometry&v=weekly:1419
init @ js?key=AIzaSyDKT9fftvHwreKtLZDb7KsTOE-d_kwuRrM&libraries=places,geometry&v=weekly:1418
Bda @ js?key=AIzaSyDKT9fftvHwreKtLZDb7KsTOE-d_kwuRrM&libraries=places,geometry&v=weekly:1330
iea @ js?key=AIzaSyDKT9fftvHwreKtLZDb7KsTOE-d_kwuRrM&libraries=places,geometry&v=weekly:1362
google.maps.Load @ js?key=AIzaSyDKT9fftvHwreKtLZDb7KsTOE-d_kwuRrM&libraries=places,geometry&v=weekly:14
(anonymous) @ js?key=AIzaSyDKT9fftvHwreKtLZDb7KsTOE-d_kwuRrM&libraries=places,geometry&v=weekly:1665
(anonymous) @ js?key=AIzaSyDKT9fftvHwreKtLZDb7KsTOE-d_kwuRrM&libraries=places,geometry&v=weekly:1665
js?key=AIzaSyDKT9fftvHwreKtLZDb7KsTOE-d_kwuRrM&libraries=places,geometry&v=weekly:1264 Element with name "gmp-internal-menu" already defined.
_.qp @ js?key=AIzaSyDKT9fftvHwreKtLZDb7KsTOE-d_kwuRrM&libraries=places,geometry&v=weekly:1264
(anonymous) @ js?key=AIzaSyDKT9fftvHwreKtLZDb7KsTOE-d_kwuRrM&libraries=places,geometry&v=weekly:679
(anonymous) @ js?key=AIzaSyDKT9fftvHwreKtLZDb7KsTOE-d_kwuRrM&libraries=places,geometry&v=weekly:1224
(anonymous) @ js?key=AIzaSyDKT9fftvHwreKtLZDb7KsTOE-d_kwuRrM&libraries=places,geometry&v=weekly:1226
(anonymous) @ js?key=AIzaSyDKT9fftvHwreKtLZDb7KsTOE-d_kwuRrM&libraries=places,geometry&v=weekly:1224
init @ js?key=AIzaSyDKT9fftvHwreKtLZDb7KsTOE-d_kwuRrM&libraries=places,geometry&v=weekly:1419
init @ js?key=AIzaSyDKT9fftvHwreKtLZDb7KsTOE-d_kwuRrM&libraries=places,geometry&v=weekly:1418
Bda @ js?key=AIzaSyDKT9fftvHwreKtLZDb7KsTOE-d_kwuRrM&libraries=places,geometry&v=weekly:1330
iea @ js?key=AIzaSyDKT9fftvHwreKtLZDb7KsTOE-d_kwuRrM&libraries=places,geometry&v=weekly:1362
google.maps.Load @ js?key=AIzaSyDKT9fftvHwreKtLZDb7KsTOE-d_kwuRrM&libraries=places,geometry&v=weekly:14
(anonymous) @ js?key=AIzaSyDKT9fftvHwreKtLZDb7KsTOE-d_kwuRrM&libraries=places,geometry&v=weekly:1665
(anonymous) @ js?key=AIzaSyDKT9fftvHwreKtLZDb7KsTOE-d_kwuRrM&libraries=places,geometry&v=weekly:1665
js?key=AIzaSyDKT9fftvHwreKtLZDb7KsTOE-d_kwuRrM&libraries=places,geometry&v=weekly:1264 Element with name "gmp-internal-place-opening-hours" already defined.
_.qp @ js?key=AIzaSyDKT9fftvHwreKtLZDb7KsTOE-d_kwuRrM&libraries=places,geometry&v=weekly:1264
(anonymous) @ js?key=AIzaSyDKT9fftvHwreKtLZDb7KsTOE-d_kwuRrM&libraries=places,geometry&v=weekly:706
(anonymous) @ js?key=AIzaSyDKT9fftvHwreKtLZDb7KsTOE-d_kwuRrM&libraries=places,geometry&v=weekly:1224
(anonymous) @ js?key=AIzaSyDKT9fftvHwreKtLZDb7KsTOE-d_kwuRrM&libraries=places,geometry&v=weekly:1226
(anonymous) @ js?key=AIzaSyDKT9fftvHwreKtLZDb7KsTOE-d_kwuRrM&libraries=places,geometry&v=weekly:1224
init @ js?key=AIzaSyDKT9fftvHwreKtLZDb7KsTOE-d_kwuRrM&libraries=places,geometry&v=weekly:1419
init @ js?key=AIzaSyDKT9fftvHwreKtLZDb7KsTOE-d_kwuRrM&libraries=places,geometry&v=weekly:1418
Bda @ js?key=AIzaSyDKT9fftvHwreKtLZDb7KsTOE-d_kwuRrM&libraries=places,geometry&v=weekly:1330
iea @ js?key=AIzaSyDKT9fftvHwreKtLZDb7KsTOE-d_kwuRrM&libraries=places,geometry&v=weekly:1362
google.maps.Load @ js?key=AIzaSyDKT9fftvHwreKtLZDb7KsTOE-d_kwuRrM&libraries=places,geometry&v=weekly:14
(anonymous) @ js?key=AIzaSyDKT9fftvHwreKtLZDb7KsTOE-d_kwuRrM&libraries=places,geometry&v=weekly:1665
(anonymous) @ js?key=AIzaSyDKT9fftvHwreKtLZDb7KsTOE-d_kwuRrM&libraries=places,geometry&v=weekly:1665
js?key=AIzaSyDKT9fftvHwreKtLZDb7KsTOE-d_kwuRrM&libraries=places,geometry&v=weekly:1264 Element with name "gmp-internal-place-review" already defined.
_.qp @ js?key=AIzaSyDKT9fftvHwreKtLZDb7KsTOE-d_kwuRrM&libraries=places,geometry&v=weekly:1264
(anonymous) @ js?key=AIzaSyDKT9fftvHwreKtLZDb7KsTOE-d_kwuRrM&libraries=places,geometry&v=weekly:724
(anonymous) @ js?key=AIzaSyDKT9fftvHwreKtLZDb7KsTOE-d_kwuRrM&libraries=places,geometry&v=weekly:1224
(anonymous) @ js?key=AIzaSyDKT9fftvHwreKtLZDb7KsTOE-d_kwuRrM&libraries=places,geometry&v=weekly:1226
(anonymous) @ js?key=AIzaSyDKT9fftvHwreKtLZDb7KsTOE-d_kwuRrM&libraries=places,geometry&v=weekly:1224
init @ js?key=AIzaSyDKT9fftvHwreKtLZDb7KsTOE-d_kwuRrM&libraries=places,geometry&v=weekly:1419
init @ js?key=AIzaSyDKT9fftvHwreKtLZDb7KsTOE-d_kwuRrM&libraries=places,geometry&v=weekly:1418
Bda @ js?key=AIzaSyDKT9fftvHwreKtLZDb7KsTOE-d_kwuRrM&libraries=places,geometry&v=weekly:1330
iea @ js?key=AIzaSyDKT9fftvHwreKtLZDb7KsTOE-d_kwuRrM&libraries=places,geometry&v=weekly:1362
google.maps.Load @ js?key=AIzaSyDKT9fftvHwreKtLZDb7KsTOE-d_kwuRrM&libraries=places,geometry&v=weekly:14
(anonymous) @ js?key=AIzaSyDKT9fftvHwreKtLZDb7KsTOE-d_kwuRrM&libraries=places,geometry&v=weekly:1665
(anonymous) @ js?key=AIzaSyDKT9fftvHwreKtLZDb7KsTOE-d_kwuRrM&libraries=places,geometry&v=weekly:1665
js?key=AIzaSyDKT9fftvHwreKtLZDb7KsTOE-d_kwuRrM&libraries=places,geometry&v=weekly:1264 Element with name "gmp-internal-tabbed-layout" already defined.
_.qp @ js?key=AIzaSyDKT9fftvHwreKtLZDb7KsTOE-d_kwuRrM&libraries=places,geometry&v=weekly:1264
(anonymous) @ js?key=AIzaSyDKT9fftvHwreKtLZDb7KsTOE-d_kwuRrM&libraries=places,geometry&v=weekly:749
(anonymous) @ js?key=AIzaSyDKT9fftvHwreKtLZDb7KsTOE-d_kwuRrM&libraries=places,geometry&v=weekly:1224
(anonymous) @ js?key=AIzaSyDKT9fftvHwreKtLZDb7KsTOE-d_kwuRrM&libraries=places,geometry&v=weekly:1226
(anonymous) @ js?key=AIzaSyDKT9fftvHwreKtLZDb7KsTOE-d_kwuRrM&libraries=places,geometry&v=weekly:1224
init @ js?key=AIzaSyDKT9fftvHwreKtLZDb7KsTOE-d_kwuRrM&libraries=places,geometry&v=weekly:1419
init @ js?key=AIzaSyDKT9fftvHwreKtLZDb7KsTOE-d_kwuRrM&libraries=places,geometry&v=weekly:1418
Bda @ js?key=AIzaSyDKT9fftvHwreKtLZDb7KsTOE-d_kwuRrM&libraries=places,geometry&v=weekly:1330
iea @ js?key=AIzaSyDKT9fftvHwreKtLZDb7KsTOE-d_kwuRrM&libraries=places,geometry&v=weekly:1362
google.maps.Load @ js?key=AIzaSyDKT9fftvHwreKtLZDb7KsTOE-d_kwuRrM&libraries=places,geometry&v=weekly:14
(anonymous) @ js?key=AIzaSyDKT9fftvHwreKtLZDb7KsTOE-d_kwuRrM&libraries=places,geometry&v=weekly:1665
(anonymous) @ js?key=AIzaSyDKT9fftvHwreKtLZDb7KsTOE-d_kwuRrM&libraries=places,geometry&v=weekly:1665
js?key=AIzaSyDKT9fftvHwreKtLZDb7KsTOE-d_kwuRrM&libraries=places,geometry&v=weekly:1264 Element with name "gmp-internal-lightbox" already defined.
_.qp @ js?key=AIzaSyDKT9fftvHwreKtLZDb7KsTOE-d_kwuRrM&libraries=places,geometry&v=weekly:1264
(anonymous) @ js?key=AIzaSyDKT9fftvHwreKtLZDb7KsTOE-d_kwuRrM&libraries=places,geometry&v=weekly:836
(anonymous) @ js?key=AIzaSyDKT9fftvHwreKtLZDb7KsTOE-d_kwuRrM&libraries=places,geometry&v=weekly:1224
(anonymous) @ js?key=AIzaSyDKT9fftvHwreKtLZDb7KsTOE-d_kwuRrM&libraries=places,geometry&v=weekly:1226
(anonymous) @ js?key=AIzaSyDKT9fftvHwreKtLZDb7KsTOE-d_kwuRrM&libraries=places,geometry&v=weekly:1224
init @ js?key=AIzaSyDKT9fftvHwreKtLZDb7KsTOE-d_kwuRrM&libraries=places,geometry&v=weekly:1419
init @ js?key=AIzaSyDKT9fftvHwreKtLZDb7KsTOE-d_kwuRrM&libraries=places,geometry&v=weekly:1418
Bda @ js?key=AIzaSyDKT9fftvHwreKtLZDb7KsTOE-d_kwuRrM&libraries=places,geometry&v=weekly:1330
iea @ js?key=AIzaSyDKT9fftvHwreKtLZDb7KsTOE-d_kwuRrM&libraries=places,geometry&v=weekly:1362
google.maps.Load @ js?key=AIzaSyDKT9fftvHwreKtLZDb7KsTOE-d_kwuRrM&libraries=places,geometry&v=weekly:14
(anonymous) @ js?key=AIzaSyDKT9fftvHwreKtLZDb7KsTOE-d_kwuRrM&libraries=places,geometry&v=weekly:1665
(anonymous) @ js?key=AIzaSyDKT9fftvHwreKtLZDb7KsTOE-d_kwuRrM&libraries=places,geometry&v=weekly:1665
js?key=AIzaSyDKT9fftvHwreKtLZDb7KsTOE-d_kwuRrM&libraries=places,geometry&v=weekly:1264 Element with name "gmp-internal-collage" already defined.
_.qp @ js?key=AIzaSyDKT9fftvHwreKtLZDb7KsTOE-d_kwuRrM&libraries=places,geometry&v=weekly:1264
(anonymous) @ js?key=AIzaSyDKT9fftvHwreKtLZDb7KsTOE-d_kwuRrM&libraries=places,geometry&v=weekly:844
(anonymous) @ js?key=AIzaSyDKT9fftvHwreKtLZDb7KsTOE-d_kwuRrM&libraries=places,geometry&v=weekly:1224
(anonymous) @ js?key=AIzaSyDKT9fftvHwreKtLZDb7KsTOE-d_kwuRrM&libraries=places,geometry&v=weekly:1226
(anonymous) @ js?key=AIzaSyDKT9fftvHwreKtLZDb7KsTOE-d_kwuRrM&libraries=places,geometry&v=weekly:1224
init @ js?key=AIzaSyDKT9fftvHwreKtLZDb7KsTOE-d_kwuRrM&libraries=places,geometry&v=weekly:1419
init @ js?key=AIzaSyDKT9fftvHwreKtLZDb7KsTOE-d_kwuRrM&libraries=places,geometry&v=weekly:1418
Bda @ js?key=AIzaSyDKT9fftvHwreKtLZDb7KsTOE-d_kwuRrM&libraries=places,geometry&v=weekly:1330
iea @ js?key=AIzaSyDKT9fftvHwreKtLZDb7KsTOE-d_kwuRrM&libraries=places,geometry&v=weekly:1362
google.maps.Load @ js?key=AIzaSyDKT9fftvHwreKtLZDb7KsTOE-d_kwuRrM&libraries=places,geometry&v=weekly:14
(anonymous) @ js?key=AIzaSyDKT9fftvHwreKtLZDb7KsTOE-d_kwuRrM&libraries=places,geometry&v=weekly:1665
(anonymous) @ js?key=AIzaSyDKT9fftvHwreKtLZDb7KsTOE-d_kwuRrM&libraries=places,geometry&v=weekly:1665
js?key=AIzaSyDKT9fftvHwreKtLZDb7KsTOE-d_kwuRrM&libraries=places,geometry&v=weekly:1264 Element with name "gmp-internal-place-rating-summary" already defined.
_.qp @ js?key=AIzaSyDKT9fftvHwreKtLZDb7KsTOE-d_kwuRrM&libraries=places,geometry&v=weekly:1264
(anonymous) @ js?key=AIzaSyDKT9fftvHwreKtLZDb7KsTOE-d_kwuRrM&libraries=places,geometry&v=weekly:861
(anonymous) @ js?key=AIzaSyDKT9fftvHwreKtLZDb7KsTOE-d_kwuRrM&libraries=places,geometry&v=weekly:1224
(anonymous) @ js?key=AIzaSyDKT9fftvHwreKtLZDb7KsTOE-d_kwuRrM&libraries=places,geometry&v=weekly:1226
(anonymous) @ js?key=AIzaSyDKT9fftvHwreKtLZDb7KsTOE-d_kwuRrM&libraries=places,geometry&v=weekly:1224
init @ js?key=AIzaSyDKT9fftvHwreKtLZDb7KsTOE-d_kwuRrM&libraries=places,geometry&v=weekly:1419
init @ js?key=AIzaSyDKT9fftvHwreKtLZDb7KsTOE-d_kwuRrM&libraries=places,geometry&v=weekly:1418
Bda @ js?key=AIzaSyDKT9fftvHwreKtLZDb7KsTOE-d_kwuRrM&libraries=places,geometry&v=weekly:1330
iea @ js?key=AIzaSyDKT9fftvHwreKtLZDb7KsTOE-d_kwuRrM&libraries=places,geometry&v=weekly:1362
google.maps.Load @ js?key=AIzaSyDKT9fftvHwreKtLZDb7KsTOE-d_kwuRrM&libraries=places,geometry&v=weekly:14
(anonymous) @ js?key=AIzaSyDKT9fftvHwreKtLZDb7KsTOE-d_kwuRrM&libraries=places,geometry&v=weekly:1665
(anonymous) @ js?key=AIzaSyDKT9fftvHwreKtLZDb7KsTOE-d_kwuRrM&libraries=places,geometry&v=weekly:1665
js?key=AIzaSyDKT9fftvHwreKtLZDb7KsTOE-d_kwuRrM&libraries=places,geometry&v=weekly:1264 Element with name "gmp-internal-place-basic-info" already defined.
_.qp @ js?key=AIzaSyDKT9fftvHwreKtLZDb7KsTOE-d_kwuRrM&libraries=places,geometry&v=weekly:1264
(anonymous) @ js?key=AIzaSyDKT9fftvHwreKtLZDb7KsTOE-d_kwuRrM&libraries=places,geometry&v=weekly:882
(anonymous) @ js?key=AIzaSyDKT9fftvHwreKtLZDb7KsTOE-d_kwuRrM&libraries=places,geometry&v=weekly:1224
(anonymous) @ js?key=AIzaSyDKT9fftvHwreKtLZDb7KsTOE-d_kwuRrM&libraries=places,geometry&v=weekly:1226
(anonymous) @ js?key=AIzaSyDKT9fftvHwreKtLZDb7KsTOE-d_kwuRrM&libraries=places,geometry&v=weekly:1224
init @ js?key=AIzaSyDKT9fftvHwreKtLZDb7KsTOE-d_kwuRrM&libraries=places,geometry&v=weekly:1419
init @ js?key=AIzaSyDKT9fftvHwreKtLZDb7KsTOE-d_kwuRrM&libraries=places,geometry&v=weekly:1418
Bda @ js?key=AIzaSyDKT9fftvHwreKtLZDb7KsTOE-d_kwuRrM&libraries=places,geometry&v=weekly:1330
iea @ js?key=AIzaSyDKT9fftvHwreKtLZDb7KsTOE-d_kwuRrM&libraries=places,geometry&v=weekly:1362
google.maps.Load @ js?key=AIzaSyDKT9fftvHwreKtLZDb7KsTOE-d_kwuRrM&libraries=places,geometry&v=weekly:14
(anonymous) @ js?key=AIzaSyDKT9fftvHwreKtLZDb7KsTOE-d_kwuRrM&libraries=places,geometry&v=weekly:1665
(anonymous) @ js?key=AIzaSyDKT9fftvHwreKtLZDb7KsTOE-d_kwuRrM&libraries=places,geometry&v=weekly:1665
js?key=AIzaSyDKT9fftvHwreKtLZDb7KsTOE-d_kwuRrM&libraries=places,geometry&v=weekly:1264 Element with name "gmp-internal-circular-loader" already defined.
_.qp @ js?key=AIzaSyDKT9fftvHwreKtLZDb7KsTOE-d_kwuRrM&libraries=places,geometry&v=weekly:1264
(anonymous) @ js?key=AIzaSyDKT9fftvHwreKtLZDb7KsTOE-d_kwuRrM&libraries=places,geometry&v=weekly:908
(anonymous) @ js?key=AIzaSyDKT9fftvHwreKtLZDb7KsTOE-d_kwuRrM&libraries=places,geometry&v=weekly:1224
(anonymous) @ js?key=AIzaSyDKT9fftvHwreKtLZDb7KsTOE-d_kwuRrM&libraries=places,geometry&v=weekly:1226
(anonymous) @ js?key=AIzaSyDKT9fftvHwreKtLZDb7KsTOE-d_kwuRrM&libraries=places,geometry&v=weekly:1224
init @ js?key=AIzaSyDKT9fftvHwreKtLZDb7KsTOE-d_kwuRrM&libraries=places,geometry&v=weekly:1419
init @ js?key=AIzaSyDKT9fftvHwreKtLZDb7KsTOE-d_kwuRrM&libraries=places,geometry&v=weekly:1418
Bda @ js?key=AIzaSyDKT9fftvHwreKtLZDb7KsTOE-d_kwuRrM&libraries=places,geometry&v=weekly:1330
iea @ js?key=AIzaSyDKT9fftvHwreKtLZDb7KsTOE-d_kwuRrM&libraries=places,geometry&v=weekly:1362
google.maps.Load @ js?key=AIzaSyDKT9fftvHwreKtLZDb7KsTOE-d_kwuRrM&libraries=places,geometry&v=weekly:14
(anonymous) @ js?key=AIzaSyDKT9fftvHwreKtLZDb7KsTOE-d_kwuRrM&libraries=places,geometry&v=weekly:1665
(anonymous) @ js?key=AIzaSyDKT9fftvHwreKtLZDb7KsTOE-d_kwuRrM&libraries=places,geometry&v=weekly:1665
js?key=AIzaSyDKT9fftvHwreKtLZDb7KsTOE-d_kwuRrM&libraries=places,geometry&v=weekly:1264 Element with name "gmp-internal-use-place-details-compact" already defined.
_.qp @ js?key=AIzaSyDKT9fftvHwreKtLZDb7KsTOE-d_kwuRrM&libraries=places,geometry&v=weekly:1264
(anonymous) @ js?key=AIzaSyDKT9fftvHwreKtLZDb7KsTOE-d_kwuRrM&libraries=places,geometry&v=weekly:940
(anonymous) @ js?key=AIzaSyDKT9fftvHwreKtLZDb7KsTOE-d_kwuRrM&libraries=places,geometry&v=weekly:1224
(anonymous) @ js?key=AIzaSyDKT9fftvHwreKtLZDb7KsTOE-d_kwuRrM&libraries=places,geometry&v=weekly:1226
(anonymous) @ js?key=AIzaSyDKT9fftvHwreKtLZDb7KsTOE-d_kwuRrM&libraries=places,geometry&v=weekly:1224
init @ js?key=AIzaSyDKT9fftvHwreKtLZDb7KsTOE-d_kwuRrM&libraries=places,geometry&v=weekly:1419
init @ js?key=AIzaSyDKT9fftvHwreKtLZDb7KsTOE-d_kwuRrM&libraries=places,geometry&v=weekly:1418
Bda @ js?key=AIzaSyDKT9fftvHwreKtLZDb7KsTOE-d_kwuRrM&libraries=places,geometry&v=weekly:1330
iea @ js?key=AIzaSyDKT9fftvHwreKtLZDb7KsTOE-d_kwuRrM&libraries=places,geometry&v=weekly:1362
google.maps.Load @ js?key=AIzaSyDKT9fftvHwreKtLZDb7KsTOE-d_kwuRrM&libraries=places,geometry&v=weekly:14
(anonymous) @ js?key=AIzaSyDKT9fftvHwreKtLZDb7KsTOE-d_kwuRrM&libraries=places,geometry&v=weekly:1665
(anonymous) @ js?key=AIzaSyDKT9fftvHwreKtLZDb7KsTOE-d_kwuRrM&libraries=places,geometry&v=weekly:1665
js?key=AIzaSyDKT9fftvHwreKtLZDb7KsTOE-d_kwuRrM&libraries=places,geometry&v=weekly:1264 Element with name "gmp-place-content-config" already defined.
_.qp @ js?key=AIzaSyDKT9fftvHwreKtLZDb7KsTOE-d_kwuRrM&libraries=places,geometry&v=weekly:1264
qqa @ js?key=AIzaSyDKT9fftvHwreKtLZDb7KsTOE-d_kwuRrM&libraries=places,geometry&v=weekly:84
(anonymous) @ js?key=AIzaSyDKT9fftvHwreKtLZDb7KsTOE-d_kwuRrM&libraries=places,geometry&v=weekly:940
(anonymous) @ js?key=AIzaSyDKT9fftvHwreKtLZDb7KsTOE-d_kwuRrM&libraries=places,geometry&v=weekly:1224
(anonymous) @ js?key=AIzaSyDKT9fftvHwreKtLZDb7KsTOE-d_kwuRrM&libraries=places,geometry&v=weekly:1226
(anonymous) @ js?key=AIzaSyDKT9fftvHwreKtLZDb7KsTOE-d_kwuRrM&libraries=places,geometry&v=weekly:1224
init @ js?key=AIzaSyDKT9fftvHwreKtLZDb7KsTOE-d_kwuRrM&libraries=places,geometry&v=weekly:1419
init @ js?key=AIzaSyDKT9fftvHwreKtLZDb7KsTOE-d_kwuRrM&libraries=places,geometry&v=weekly:1418
Bda @ js?key=AIzaSyDKT9fftvHwreKtLZDb7KsTOE-d_kwuRrM&libraries=places,geometry&v=weekly:1330
iea @ js?key=AIzaSyDKT9fftvHwreKtLZDb7KsTOE-d_kwuRrM&libraries=places,geometry&v=weekly:1362
google.maps.Load @ js?key=AIzaSyDKT9fftvHwreKtLZDb7KsTOE-d_kwuRrM&libraries=places,geometry&v=weekly:14
(anonymous) @ js?key=AIzaSyDKT9fftvHwreKtLZDb7KsTOE-d_kwuRrM&libraries=places,geometry&v=weekly:1665
(anonymous) @ js?key=AIzaSyDKT9fftvHwreKtLZDb7KsTOE-d_kwuRrM&libraries=places,geometry&v=weekly:1665
js?key=AIzaSyDKT9fftvHwreKtLZDb7KsTOE-d_kwuRrM&libraries=places,geometry&v=weekly:1264 Element with name "gmp-place-media" already defined.
_.qp @ js?key=AIzaSyDKT9fftvHwreKtLZDb7KsTOE-d_kwuRrM&libraries=places,geometry&v=weekly:1264
oqa @ js?key=AIzaSyDKT9fftvHwreKtLZDb7KsTOE-d_kwuRrM&libraries=places,geometry&v=weekly:83
(anonymous) @ js?key=AIzaSyDKT9fftvHwreKtLZDb7KsTOE-d_kwuRrM&libraries=places,geometry&v=weekly:940
(anonymous) @ js?key=AIzaSyDKT9fftvHwreKtLZDb7KsTOE-d_kwuRrM&libraries=places,geometry&v=weekly:1224
(anonymous) @ js?key=AIzaSyDKT9fftvHwreKtLZDb7KsTOE-d_kwuRrM&libraries=places,geometry&v=weekly:1226
(anonymous) @ js?key=AIzaSyDKT9fftvHwreKtLZDb7KsTOE-d_kwuRrM&libraries=places,geometry&v=weekly:1224
init @ js?key=AIzaSyDKT9fftvHwreKtLZDb7KsTOE-d_kwuRrM&libraries=places,geometry&v=weekly:1419
init @ js?key=AIzaSyDKT9fftvHwreKtLZDb7KsTOE-d_kwuRrM&libraries=places,geometry&v=weekly:1418
Bda @ js?key=AIzaSyDKT9fftvHwreKtLZDb7KsTOE-d_kwuRrM&libraries=places,geometry&v=weekly:1330
iea @ js?key=AIzaSyDKT9fftvHwreKtLZDb7KsTOE-d_kwuRrM&libraries=places,geometry&v=weekly:1362
google.maps.Load @ js?key=AIzaSyDKT9fftvHwreKtLZDb7KsTOE-d_kwuRrM&libraries=places,geometry&v=weekly:14
(anonymous) @ js?key=AIzaSyDKT9fftvHwreKtLZDb7KsTOE-d_kwuRrM&libraries=places,geometry&v=weekly:1665
(anonymous) @ js?key=AIzaSyDKT9fftvHwreKtLZDb7KsTOE-d_kwuRrM&libraries=places,geometry&v=weekly:1665
js?key=AIzaSyDKT9fftvHwreKtLZDb7KsTOE-d_kwuRrM&libraries=places,geometry&v=weekly:1264 Element with name "gmp-place-address" already defined.
_.qp @ js?key=AIzaSyDKT9fftvHwreKtLZDb7KsTOE-d_kwuRrM&libraries=places,geometry&v=weekly:1264
oqa @ js?key=AIzaSyDKT9fftvHwreKtLZDb7KsTOE-d_kwuRrM&libraries=places,geometry&v=weekly:83
(anonymous) @ js?key=AIzaSyDKT9fftvHwreKtLZDb7KsTOE-d_kwuRrM&libraries=places,geometry&v=weekly:940
(anonymous) @ js?key=AIzaSyDKT9fftvHwreKtLZDb7KsTOE-d_kwuRrM&libraries=places,geometry&v=weekly:1224
(anonymous) @ js?key=AIzaSyDKT9fftvHwreKtLZDb7KsTOE-d_kwuRrM&libraries=places,geometry&v=weekly:1226
(anonymous) @ js?key=AIzaSyDKT9fftvHwreKtLZDb7KsTOE-d_kwuRrM&libraries=places,geometry&v=weekly:1224
init @ js?key=AIzaSyDKT9fftvHwreKtLZDb7KsTOE-d_kwuRrM&libraries=places,geometry&v=weekly:1419
init @ js?key=AIzaSyDKT9fftvHwreKtLZDb7KsTOE-d_kwuRrM&libraries=places,geometry&v=weekly:1418
Bda @ js?key=AIzaSyDKT9fftvHwreKtLZDb7KsTOE-d_kwuRrM&libraries=places,geometry&v=weekly:1330
iea @ js?key=AIzaSyDKT9fftvHwreKtLZDb7KsTOE-d_kwuRrM&libraries=places,geometry&v=weekly:1362
google.maps.Load @ js?key=AIzaSyDKT9fftvHwreKtLZDb7KsTOE-d_kwuRrM&libraries=places,geometry&v=weekly:14
(anonymous) @ js?key=AIzaSyDKT9fftvHwreKtLZDb7KsTOE-d_kwuRrM&libraries=places,geometry&v=weekly:1665
(anonymous) @ js?key=AIzaSyDKT9fftvHwreKtLZDb7KsTOE-d_kwuRrM&libraries=places,geometry&v=weekly:1665
js?key=AIzaSyDKT9fftvHwreKtLZDb7KsTOE-d_kwuRrM&libraries=places,geometry&v=weekly:1264 Element with name "gmp-place-rating" already defined.
_.qp @ js?key=AIzaSyDKT9fftvHwreKtLZDb7KsTOE-d_kwuRrM&libraries=places,geometry&v=weekly:1264
oqa @ js?key=AIzaSyDKT9fftvHwreKtLZDb7KsTOE-d_kwuRrM&libraries=places,geometry&v=weekly:83
(anonymous) @ js?key=AIzaSyDKT9fftvHwreKtLZDb7KsTOE-d_kwuRrM&libraries=places,geometry&v=weekly:940
(anonymous) @ js?key=AIzaSyDKT9fftvHwreKtLZDb7KsTOE-d_kwuRrM&libraries=places,geometry&v=weekly:1224
(anonymous) @ js?key=AIzaSyDKT9fftvHwreKtLZDb7KsTOE-d_kwuRrM&libraries=places,geometry&v=weekly:1226
(anonymous) @ js?key=AIzaSyDKT9fftvHwreKtLZDb7KsTOE-d_kwuRrM&libraries=places,geometry&v=weekly:1224
init @ js?key=AIzaSyDKT9fftvHwreKtLZDb7KsTOE-d_kwuRrM&libraries=places,geometry&v=weekly:1419
init @ js?key=AIzaSyDKT9fftvHwreKtLZDb7KsTOE-d_kwuRrM&libraries=places,geometry&v=weekly:1418
Bda @ js?key=AIzaSyDKT9fftvHwreKtLZDb7KsTOE-d_kwuRrM&libraries=places,geometry&v=weekly:1330
iea @ js?key=AIzaSyDKT9fftvHwreKtLZDb7KsTOE-d_kwuRrM&libraries=places,geometry&v=weekly:1362
google.maps.Load @ js?key=AIzaSyDKT9fftvHwreKtLZDb7KsTOE-d_kwuRrM&libraries=places,geometry&v=weekly:14
(anonymous) @ js?key=AIzaSyDKT9fftvHwreKtLZDb7KsTOE-d_kwuRrM&libraries=places,geometry&v=weekly:1665
(anonymous) @ js?key=AIzaSyDKT9fftvHwreKtLZDb7KsTOE-d_kwuRrM&libraries=places,geometry&v=weekly:1665
js?key=AIzaSyDKT9fftvHwreKtLZDb7KsTOE-d_kwuRrM&libraries=places,geometry&v=weekly:1264 Element with name "gmp-place-type" already defined.
_.qp @ js?key=AIzaSyDKT9fftvHwreKtLZDb7KsTOE-d_kwuRrM&libraries=places,geometry&v=weekly:1264
oqa @ js?key=AIzaSyDKT9fftvHwreKtLZDb7KsTOE-d_kwuRrM&libraries=places,geometry&v=weekly:83
(anonymous) @ js?key=AIzaSyDKT9fftvHwreKtLZDb7KsTOE-d_kwuRrM&libraries=places,geometry&v=weekly:940
(anonymous) @ js?key=AIzaSyDKT9fftvHwreKtLZDb7KsTOE-d_kwuRrM&libraries=places,geometry&v=weekly:1224
(anonymous) @ js?key=AIzaSyDKT9fftvHwreKtLZDb7KsTOE-d_kwuRrM&libraries=places,geometry&v=weekly:1226
(anonymous) @ js?key=AIzaSyDKT9fftvHwreKtLZDb7KsTOE-d_kwuRrM&libraries=places,geometry&v=weekly:1224
init @ js?key=AIzaSyDKT9fftvHwreKtLZDb7KsTOE-d_kwuRrM&libraries=places,geometry&v=weekly:1419
init @ js?key=AIzaSyDKT9fftvHwreKtLZDb7KsTOE-d_kwuRrM&libraries=places,geometry&v=weekly:1418
Bda @ js?key=AIzaSyDKT9fftvHwreKtLZDb7KsTOE-d_kwuRrM&libraries=places,geometry&v=weekly:1330
iea @ js?key=AIzaSyDKT9fftvHwreKtLZDb7KsTOE-d_kwuRrM&libraries=places,geometry&v=weekly:1362
google.maps.Load @ js?key=AIzaSyDKT9fftvHwreKtLZDb7KsTOE-d_kwuRrM&libraries=places,geometry&v=weekly:14
(anonymous) @ js?key=AIzaSyDKT9fftvHwreKtLZDb7KsTOE-d_kwuRrM&libraries=places,geometry&v=weekly:1665
(anonymous) @ js?key=AIzaSyDKT9fftvHwreKtLZDb7KsTOE-d_kwuRrM&libraries=places,geometry&v=weekly:1665
js?key=AIzaSyDKT9fftvHwreKtLZDb7KsTOE-d_kwuRrM&libraries=places,geometry&v=weekly:1264 Element with name "gmp-place-price" already defined.
_.qp @ js?key=AIzaSyDKT9fftvHwreKtLZDb7KsTOE-d_kwuRrM&libraries=places,geometry&v=weekly:1264
oqa @ js?key=AIzaSyDKT9fftvHwreKtLZDb7KsTOE-d_kwuRrM&libraries=places,geometry&v=weekly:83
(anonymous) @ js?key=AIzaSyDKT9fftvHwreKtLZDb7KsTOE-d_kwuRrM&libraries=places,geometry&v=weekly:940
(anonymous) @ js?key=AIzaSyDKT9fftvHwreKtLZDb7KsTOE-d_kwuRrM&libraries=places,geometry&v=weekly:1224
(anonymous) @ js?key=AIzaSyDKT9fftvHwreKtLZDb7KsTOE-d_kwuRrM&libraries=places,geometry&v=weekly:1226
(anonymous) @ js?key=AIzaSyDKT9fftvHwreKtLZDb7KsTOE-d_kwuRrM&libraries=places,geometry&v=weekly:1224
init @ js?key=AIzaSyDKT9fftvHwreKtLZDb7KsTOE-d_kwuRrM&libraries=places,geometry&v=weekly:1419
init @ js?key=AIzaSyDKT9fftvHwreKtLZDb7KsTOE-d_kwuRrM&libraries=places,geometry&v=weekly:1418
Bda @ js?key=AIzaSyDKT9fftvHwreKtLZDb7KsTOE-d_kwuRrM&libraries=places,geometry&v=weekly:1330
iea @ js?key=AIzaSyDKT9fftvHwreKtLZDb7KsTOE-d_kwuRrM&libraries=places,geometry&v=weekly:1362
google.maps.Load @ js?key=AIzaSyDKT9fftvHwreKtLZDb7KsTOE-d_kwuRrM&libraries=places,geometry&v=weekly:14
(anonymous) @ js?key=AIzaSyDKT9fftvHwreKtLZDb7KsTOE-d_kwuRrM&libraries=places,geometry&v=weekly:1665
(anonymous) @ js?key=AIzaSyDKT9fftvHwreKtLZDb7KsTOE-d_kwuRrM&libraries=places,geometry&v=weekly:1665
js?key=AIzaSyDKT9fftvHwreKtLZDb7KsTOE-d_kwuRrM&libraries=places,geometry&v=weekly:1264 Element with name "gmp-place-accessible-entrance-icon" already defined.
_.qp @ js?key=AIzaSyDKT9fftvHwreKtLZDb7KsTOE-d_kwuRrM&libraries=places,geometry&v=weekly:1264
oqa @ js?key=AIzaSyDKT9fftvHwreKtLZDb7KsTOE-d_kwuRrM&libraries=places,geometry&v=weekly:83
(anonymous) @ js?key=AIzaSyDKT9fftvHwreKtLZDb7KsTOE-d_kwuRrM&libraries=places,geometry&v=weekly:940
(anonymous) @ js?key=AIzaSyDKT9fftvHwreKtLZDb7KsTOE-d_kwuRrM&libraries=places,geometry&v=weekly:1224
(anonymous) @ js?key=AIzaSyDKT9fftvHwreKtLZDb7KsTOE-d_kwuRrM&libraries=places,geometry&v=weekly:1226
(anonymous) @ js?key=AIzaSyDKT9fftvHwreKtLZDb7KsTOE-d_kwuRrM&libraries=places,geometry&v=weekly:1224
init @ js?key=AIzaSyDKT9fftvHwreKtLZDb7KsTOE-d_kwuRrM&libraries=places,geometry&v=weekly:1419
init @ js?key=AIzaSyDKT9fftvHwreKtLZDb7KsTOE-d_kwuRrM&libraries=places,geometry&v=weekly:1418
Bda @ js?key=AIzaSyDKT9fftvHwreKtLZDb7KsTOE-d_kwuRrM&libraries=places,geometry&v=weekly:1330
iea @ js?key=AIzaSyDKT9fftvHwreKtLZDb7KsTOE-d_kwuRrM&libraries=places,geometry&v=weekly:1362
google.maps.Load @ js?key=AIzaSyDKT9fftvHwreKtLZDb7KsTOE-d_kwuRrM&libraries=places,geometry&v=weekly:14
(anonymous) @ js?key=AIzaSyDKT9fftvHwreKtLZDb7KsTOE-d_kwuRrM&libraries=places,geometry&v=weekly:1665
(anonymous) @ js?key=AIzaSyDKT9fftvHwreKtLZDb7KsTOE-d_kwuRrM&libraries=places,geometry&v=weekly:1665
js?key=AIzaSyDKT9fftvHwreKtLZDb7KsTOE-d_kwuRrM&libraries=places,geometry&v=weekly:1264 Element with name "gmp-place-open-now-status" already defined.
_.qp @ js?key=AIzaSyDKT9fftvHwreKtLZDb7KsTOE-d_kwuRrM&libraries=places,geometry&v=weekly:1264
oqa @ js?key=AIzaSyDKT9fftvHwreKtLZDb7KsTOE-d_kwuRrM&libraries=places,geometry&v=weekly:83
(anonymous) @ js?key=AIzaSyDKT9fftvHwreKtLZDb7KsTOE-d_kwuRrM&libraries=places,geometry&v=weekly:940
(anonymous) @ js?key=AIzaSyDKT9fftvHwreKtLZDb7KsTOE-d_kwuRrM&libraries=places,geometry&v=weekly:1224
(anonymous) @ js?key=AIzaSyDKT9fftvHwreKtLZDb7KsTOE-d_kwuRrM&libraries=places,geometry&v=weekly:1226
(anonymous) @ js?key=AIzaSyDKT9fftvHwreKtLZDb7KsTOE-d_kwuRrM&libraries=places,geometry&v=weekly:1224
init @ js?key=AIzaSyDKT9fftvHwreKtLZDb7KsTOE-d_kwuRrM&libraries=places,geometry&v=weekly:1419
init @ js?key=AIzaSyDKT9fftvHwreKtLZDb7KsTOE-d_kwuRrM&libraries=places,geometry&v=weekly:1418
Bda @ js?key=AIzaSyDKT9fftvHwreKtLZDb7KsTOE-d_kwuRrM&libraries=places,geometry&v=weekly:1330
iea @ js?key=AIzaSyDKT9fftvHwreKtLZDb7KsTOE-d_kwuRrM&libraries=places,geometry&v=weekly:1362
google.maps.Load @ js?key=AIzaSyDKT9fftvHwreKtLZDb7KsTOE-d_kwuRrM&libraries=places,geometry&v=weekly:14
(anonymous) @ js?key=AIzaSyDKT9fftvHwreKtLZDb7KsTOE-d_kwuRrM&libraries=places,geometry&v=weekly:1665
(anonymous) @ js?key=AIzaSyDKT9fftvHwreKtLZDb7KsTOE-d_kwuRrM&libraries=places,geometry&v=weekly:1665
js?key=AIzaSyDKT9fftvHwreKtLZDb7KsTOE-d_kwuRrM&libraries=places,geometry&v=weekly:1264 Element with name "gmp-place-attribution" already defined.
_.qp @ js?key=AIzaSyDKT9fftvHwreKtLZDb7KsTOE-d_kwuRrM&libraries=places,geometry&v=weekly:1264
oqa @ js?key=AIzaSyDKT9fftvHwreKtLZDb7KsTOE-d_kwuRrM&libraries=places,geometry&v=weekly:83
(anonymous) @ js?key=AIzaSyDKT9fftvHwreKtLZDb7KsTOE-d_kwuRrM&libraries=places,geometry&v=weekly:940
(anonymous) @ js?key=AIzaSyDKT9fftvHwreKtLZDb7KsTOE-d_kwuRrM&libraries=places,geometry&v=weekly:1224
(anonymous) @ js?key=AIzaSyDKT9fftvHwreKtLZDb7KsTOE-d_kwuRrM&libraries=places,geometry&v=weekly:1226
(anonymous) @ js?key=AIzaSyDKT9fftvHwreKtLZDb7KsTOE-d_kwuRrM&libraries=places,geometry&v=weekly:1224
init @ js?key=AIzaSyDKT9fftvHwreKtLZDb7KsTOE-d_kwuRrM&libraries=places,geometry&v=weekly:1419
init @ js?key=AIzaSyDKT9fftvHwreKtLZDb7KsTOE-d_kwuRrM&libraries=places,geometry&v=weekly:1418
Bda @ js?key=AIzaSyDKT9fftvHwreKtLZDb7KsTOE-d_kwuRrM&libraries=places,geometry&v=weekly:1330
iea @ js?key=AIzaSyDKT9fftvHwreKtLZDb7KsTOE-d_kwuRrM&libraries=places,geometry&v=weekly:1362
google.maps.Load @ js?key=AIzaSyDKT9fftvHwreKtLZDb7KsTOE-d_kwuRrM&libraries=places,geometry&v=weekly:14
(anonymous) @ js?key=AIzaSyDKT9fftvHwreKtLZDb7KsTOE-d_kwuRrM&libraries=places,geometry&v=weekly:1665
(anonymous) @ js?key=AIzaSyDKT9fftvHwreKtLZDb7KsTOE-d_kwuRrM&libraries=places,geometry&v=weekly:1665
js?key=AIzaSyDKT9fftvHwreKtLZDb7KsTOE-d_kwuRrM&libraries=places,geometry&v=weekly:1264 Element with name "gmp-place-website" already defined.
_.qp @ js?key=AIzaSyDKT9fftvHwreKtLZDb7KsTOE-d_kwuRrM&libraries=places,geometry&v=weekly:1264
oqa @ js?key=AIzaSyDKT9fftvHwreKtLZDb7KsTOE-d_kwuRrM&libraries=places,geometry&v=weekly:83
(anonymous) @ js?key=AIzaSyDKT9fftvHwreKtLZDb7KsTOE-d_kwuRrM&libraries=places,geometry&v=weekly:940
(anonymous) @ js?key=AIzaSyDKT9fftvHwreKtLZDb7KsTOE-d_kwuRrM&libraries=places,geometry&v=weekly:1224
(anonymous) @ js?key=AIzaSyDKT9fftvHwreKtLZDb7KsTOE-d_kwuRrM&libraries=places,geometry&v=weekly:1226
(anonymous) @ js?key=AIzaSyDKT9fftvHwreKtLZDb7KsTOE-d_kwuRrM&libraries=places,geometry&v=weekly:1224
init @ js?key=AIzaSyDKT9fftvHwreKtLZDb7KsTOE-d_kwuRrM&libraries=places,geometry&v=weekly:1419
init @ js?key=AIzaSyDKT9fftvHwreKtLZDb7KsTOE-d_kwuRrM&libraries=places,geometry&v=weekly:1418
Bda @ js?key=AIzaSyDKT9fftvHwreKtLZDb7KsTOE-d_kwuRrM&libraries=places,geometry&v=weekly:1330
iea @ js?key=AIzaSyDKT9fftvHwreKtLZDb7KsTOE-d_kwuRrM&libraries=places,geometry&v=weekly:1362
google.maps.Load @ js?key=AIzaSyDKT9fftvHwreKtLZDb7KsTOE-d_kwuRrM&libraries=places,geometry&v=weekly:14
(anonymous) @ js?key=AIzaSyDKT9fftvHwreKtLZDb7KsTOE-d_kwuRrM&libraries=places,geometry&v=weekly:1665
(anonymous) @ js?key=AIzaSyDKT9fftvHwreKtLZDb7KsTOE-d_kwuRrM&libraries=places,geometry&v=weekly:1665
js?key=AIzaSyDKT9fftvHwreKtLZDb7KsTOE-d_kwuRrM&libraries=places,geometry&v=weekly:1264 Element with name "gmp-place-phone-number" already defined.
_.qp @ js?key=AIzaSyDKT9fftvHwreKtLZDb7KsTOE-d_kwuRrM&libraries=places,geometry&v=weekly:1264
oqa @ js?key=AIzaSyDKT9fftvHwreKtLZDb7KsTOE-d_kwuRrM&libraries=places,geometry&v=weekly:83
(anonymous) @ js?key=AIzaSyDKT9fftvHwreKtLZDb7KsTOE-d_kwuRrM&libraries=places,geometry&v=weekly:940
(anonymous) @ js?key=AIzaSyDKT9fftvHwreKtLZDb7KsTOE-d_kwuRrM&libraries=places,geometry&v=weekly:1224
(anonymous) @ js?key=AIzaSyDKT9fftvHwreKtLZDb7KsTOE-d_kwuRrM&libraries=places,geometry&v=weekly:1226
(anonymous) @ js?key=AIzaSyDKT9fftvHwreKtLZDb7KsTOE-d_kwuRrM&libraries=places,geometry&v=weekly:1224
init @ js?key=AIzaSyDKT9fftvHwreKtLZDb7KsTOE-d_kwuRrM&libraries=places,geometry&v=weekly:1419
init @ js?key=AIzaSyDKT9fftvHwreKtLZDb7KsTOE-d_kwuRrM&libraries=places,geometry&v=weekly:1418
Bda @ js?key=AIzaSyDKT9fftvHwreKtLZDb7KsTOE-d_kwuRrM&libraries=places,geometry&v=weekly:1330
iea @ js?key=AIzaSyDKT9fftvHwreKtLZDb7KsTOE-d_kwuRrM&libraries=places,geometry&v=weekly:1362
google.maps.Load @ js?key=AIzaSyDKT9fftvHwreKtLZDb7KsTOE-d_kwuRrM&libraries=places,geometry&v=weekly:14
(anonymous) @ js?key=AIzaSyDKT9fftvHwreKtLZDb7KsTOE-d_kwuRrM&libraries=places,geometry&v=weekly:1665
(anonymous) @ js?key=AIzaSyDKT9fftvHwreKtLZDb7KsTOE-d_kwuRrM&libraries=places,geometry&v=weekly:1665
js?key=AIzaSyDKT9fftvHwreKtLZDb7KsTOE-d_kwuRrM&libraries=places,geometry&v=weekly:1264 Element with name "gmp-place-opening-hours" already defined.
_.qp @ js?key=AIzaSyDKT9fftvHwreKtLZDb7KsTOE-d_kwuRrM&libraries=places,geometry&v=weekly:1264
oqa @ js?key=AIzaSyDKT9fftvHwreKtLZDb7KsTOE-d_kwuRrM&libraries=places,geometry&v=weekly:83
(anonymous) @ js?key=AIzaSyDKT9fftvHwreKtLZDb7KsTOE-d_kwuRrM&libraries=places,geometry&v=weekly:940
(anonymous) @ js?key=AIzaSyDKT9fftvHwreKtLZDb7KsTOE-d_kwuRrM&libraries=places,geometry&v=weekly:1224
(anonymous) @ js?key=AIzaSyDKT9fftvHwreKtLZDb7KsTOE-d_kwuRrM&libraries=places,geometry&v=weekly:1226
(anonymous) @ js?key=AIzaSyDKT9fftvHwreKtLZDb7KsTOE-d_kwuRrM&libraries=places,geometry&v=weekly:1224
init @ js?key=AIzaSyDKT9fftvHwreKtLZDb7KsTOE-d_kwuRrM&libraries=places,geometry&v=weekly:1419
init @ js?key=AIzaSyDKT9fftvHwreKtLZDb7KsTOE-d_kwuRrM&libraries=places,geometry&v=weekly:1418
Bda @ js?key=AIzaSyDKT9fftvHwreKtLZDb7KsTOE-d_kwuRrM&libraries=places,geometry&v=weekly:1330
iea @ js?key=AIzaSyDKT9fftvHwreKtLZDb7KsTOE-d_kwuRrM&libraries=places,geometry&v=weekly:1362
google.maps.Load @ js?key=AIzaSyDKT9fftvHwreKtLZDb7KsTOE-d_kwuRrM&libraries=places,geometry&v=weekly:14
(anonymous) @ js?key=AIzaSyDKT9fftvHwreKtLZDb7KsTOE-d_kwuRrM&libraries=places,geometry&v=weekly:1665
(anonymous) @ js?key=AIzaSyDKT9fftvHwreKtLZDb7KsTOE-d_kwuRrM&libraries=places,geometry&v=weekly:1665
js?key=AIzaSyDKT9fftvHwreKtLZDb7KsTOE-d_kwuRrM&libraries=places,geometry&v=weekly:1264 Element with name "gmp-place-summary" already defined.
_.qp @ js?key=AIzaSyDKT9fftvHwreKtLZDb7KsTOE-d_kwuRrM&libraries=places,geometry&v=weekly:1264
oqa @ js?key=AIzaSyDKT9fftvHwreKtLZDb7KsTOE-d_kwuRrM&libraries=places,geometry&v=weekly:83
(anonymous) @ js?key=AIzaSyDKT9fftvHwreKtLZDb7KsTOE-d_kwuRrM&libraries=places,geometry&v=weekly:940
(anonymous) @ js?key=AIzaSyDKT9fftvHwreKtLZDb7KsTOE-d_kwuRrM&libraries=places,geometry&v=weekly:1224
(anonymous) @ js?key=AIzaSyDKT9fftvHwreKtLZDb7KsTOE-d_kwuRrM&libraries=places,geometry&v=weekly:1226
(anonymous) @ js?key=AIzaSyDKT9fftvHwreKtLZDb7KsTOE-d_kwuRrM&libraries=places,geometry&v=weekly:1224
init @ js?key=AIzaSyDKT9fftvHwreKtLZDb7KsTOE-d_kwuRrM&libraries=places,geometry&v=weekly:1419
init @ js?key=AIzaSyDKT9fftvHwreKtLZDb7KsTOE-d_kwuRrM&libraries=places,geometry&v=weekly:1418
Bda @ js?key=AIzaSyDKT9fftvHwreKtLZDb7KsTOE-d_kwuRrM&libraries=places,geometry&v=weekly:1330
iea @ js?key=AIzaSyDKT9fftvHwreKtLZDb7KsTOE-d_kwuRrM&libraries=places,geometry&v=weekly:1362
google.maps.Load @ js?key=AIzaSyDKT9fftvHwreKtLZDb7KsTOE-d_kwuRrM&libraries=places,geometry&v=weekly:14
(anonymous) @ js?key=AIzaSyDKT9fftvHwreKtLZDb7KsTOE-d_kwuRrM&libraries=places,geometry&v=weekly:1665
(anonymous) @ js?key=AIzaSyDKT9fftvHwreKtLZDb7KsTOE-d_kwuRrM&libraries=places,geometry&v=weekly:1665
js?key=AIzaSyDKT9fftvHwreKtLZDb7KsTOE-d_kwuRrM&libraries=places,geometry&v=weekly:1264 Element with name "gmp-place-type-specific-highlights" already defined.
_.qp @ js?key=AIzaSyDKT9fftvHwreKtLZDb7KsTOE-d_kwuRrM&libraries=places,geometry&v=weekly:1264
oqa @ js?key=AIzaSyDKT9fftvHwreKtLZDb7KsTOE-d_kwuRrM&libraries=places,geometry&v=weekly:83
(anonymous) @ js?key=AIzaSyDKT9fftvHwreKtLZDb7KsTOE-d_kwuRrM&libraries=places,geometry&v=weekly:940
(anonymous) @ js?key=AIzaSyDKT9fftvHwreKtLZDb7KsTOE-d_kwuRrM&libraries=places,geometry&v=weekly:1224
(anonymous) @ js?key=AIzaSyDKT9fftvHwreKtLZDb7KsTOE-d_kwuRrM&libraries=places,geometry&v=weekly:1226
(anonymous) @ js?key=AIzaSyDKT9fftvHwreKtLZDb7KsTOE-d_kwuRrM&libraries=places,geometry&v=weekly:1224
init @ js?key=AIzaSyDKT9fftvHwreKtLZDb7KsTOE-d_kwuRrM&libraries=places,geometry&v=weekly:1419
init @ js?key=AIzaSyDKT9fftvHwreKtLZDb7KsTOE-d_kwuRrM&libraries=places,geometry&v=weekly:1418
Bda @ js?key=AIzaSyDKT9fftvHwreKtLZDb7KsTOE-d_kwuRrM&libraries=places,geometry&v=weekly:1330
iea @ js?key=AIzaSyDKT9fftvHwreKtLZDb7KsTOE-d_kwuRrM&libraries=places,geometry&v=weekly:1362
google.maps.Load @ js?key=AIzaSyDKT9fftvHwreKtLZDb7KsTOE-d_kwuRrM&libraries=places,geometry&v=weekly:14
(anonymous) @ js?key=AIzaSyDKT9fftvHwreKtLZDb7KsTOE-d_kwuRrM&libraries=places,geometry&v=weekly:1665
(anonymous) @ js?key=AIzaSyDKT9fftvHwreKtLZDb7KsTOE-d_kwuRrM&libraries=places,geometry&v=weekly:1665
js?key=AIzaSyDKT9fftvHwreKtLZDb7KsTOE-d_kwuRrM&libraries=places,geometry&v=weekly:1264 Element with name "gmp-place-reviews" already defined.
_.qp @ js?key=AIzaSyDKT9fftvHwreKtLZDb7KsTOE-d_kwuRrM&libraries=places,geometry&v=weekly:1264
oqa @ js?key=AIzaSyDKT9fftvHwreKtLZDb7KsTOE-d_kwuRrM&libraries=places,geometry&v=weekly:83
(anonymous) @ js?key=AIzaSyDKT9fftvHwreKtLZDb7KsTOE-d_kwuRrM&libraries=places,geometry&v=weekly:940
(anonymous) @ js?key=AIzaSyDKT9fftvHwreKtLZDb7KsTOE-d_kwuRrM&libraries=places,geometry&v=weekly:1224
(anonymous) @ js?key=AIzaSyDKT9fftvHwreKtLZDb7KsTOE-d_kwuRrM&libraries=places,geometry&v=weekly:1226
(anonymous) @ js?key=AIzaSyDKT9fftvHwreKtLZDb7KsTOE-d_kwuRrM&libraries=places,geometry&v=weekly:1224
init @ js?key=AIzaSyDKT9fftvHwreKtLZDb7KsTOE-d_kwuRrM&libraries=places,geometry&v=weekly:1419
init @ js?key=AIzaSyDKT9fftvHwreKtLZDb7KsTOE-d_kwuRrM&libraries=places,geometry&v=weekly:1418
Bda @ js?key=AIzaSyDKT9fftvHwreKtLZDb7KsTOE-d_kwuRrM&libraries=places,geometry&v=weekly:1330
iea @ js?key=AIzaSyDKT9fftvHwreKtLZDb7KsTOE-d_kwuRrM&libraries=places,geometry&v=weekly:1362
google.maps.Load @ js?key=AIzaSyDKT9fftvHwreKtLZDb7KsTOE-d_kwuRrM&libraries=places,geometry&v=weekly:14
(anonymous) @ js?key=AIzaSyDKT9fftvHwreKtLZDb7KsTOE-d_kwuRrM&libraries=places,geometry&v=weekly:1665
(anonymous) @ js?key=AIzaSyDKT9fftvHwreKtLZDb7KsTOE-d_kwuRrM&libraries=places,geometry&v=weekly:1665
js?key=AIzaSyDKT9fftvHwreKtLZDb7KsTOE-d_kwuRrM&libraries=places,geometry&v=weekly:1264 Element with name "gmp-place-plus-code" already defined.
_.qp @ js?key=AIzaSyDKT9fftvHwreKtLZDb7KsTOE-d_kwuRrM&libraries=places,geometry&v=weekly:1264
oqa @ js?key=AIzaSyDKT9fftvHwreKtLZDb7KsTOE-d_kwuRrM&libraries=places,geometry&v=weekly:83
(anonymous) @ js?key=AIzaSyDKT9fftvHwreKtLZDb7KsTOE-d_kwuRrM&libraries=places,geometry&v=weekly:940
(anonymous) @ js?key=AIzaSyDKT9fftvHwreKtLZDb7KsTOE-d_kwuRrM&libraries=places,geometry&v=weekly:1224
(anonymous) @ js?key=AIzaSyDKT9fftvHwreKtLZDb7KsTOE-d_kwuRrM&libraries=places,geometry&v=weekly:1226
(anonymous) @ js?key=AIzaSyDKT9fftvHwreKtLZDb7KsTOE-d_kwuRrM&libraries=places,geometry&v=weekly:1224
init @ js?key=AIzaSyDKT9fftvHwreKtLZDb7KsTOE-d_kwuRrM&libraries=places,geometry&v=weekly:1419
init @ js?key=AIzaSyDKT9fftvHwreKtLZDb7KsTOE-d_kwuRrM&libraries=places,geometry&v=weekly:1418
Bda @ js?key=AIzaSyDKT9fftvHwreKtLZDb7KsTOE-d_kwuRrM&libraries=places,geometry&v=weekly:1330
iea @ js?key=AIzaSyDKT9fftvHwreKtLZDb7KsTOE-d_kwuRrM&libraries=places,geometry&v=weekly:1362
google.maps.Load @ js?key=AIzaSyDKT9fftvHwreKtLZDb7KsTOE-d_kwuRrM&libraries=places,geometry&v=weekly:14
(anonymous) @ js?key=AIzaSyDKT9fftvHwreKtLZDb7KsTOE-d_kwuRrM&libraries=places,geometry&v=weekly:1665
(anonymous) @ js?key=AIzaSyDKT9fftvHwreKtLZDb7KsTOE-d_kwuRrM&libraries=places,geometry&v=weekly:1665
js?key=AIzaSyDKT9fftvHwreKtLZDb7KsTOE-d_kwuRrM&libraries=places,geometry&v=weekly:1264 Element with name "gmp-place-feature-list" already defined.
_.qp @ js?key=AIzaSyDKT9fftvHwreKtLZDb7KsTOE-d_kwuRrM&libraries=places,geometry&v=weekly:1264
oqa @ js?key=AIzaSyDKT9fftvHwreKtLZDb7KsTOE-d_kwuRrM&libraries=places,geometry&v=weekly:83
(anonymous) @ js?key=AIzaSyDKT9fftvHwreKtLZDb7KsTOE-d_kwuRrM&libraries=places,geometry&v=weekly:940
(anonymous) @ js?key=AIzaSyDKT9fftvHwreKtLZDb7KsTOE-d_kwuRrM&libraries=places,geometry&v=weekly:1224
(anonymous) @ js?key=AIzaSyDKT9fftvHwreKtLZDb7KsTOE-d_kwuRrM&libraries=places,geometry&v=weekly:1226
(anonymous) @ js?key=AIzaSyDKT9fftvHwreKtLZDb7KsTOE-d_kwuRrM&libraries=places,geometry&v=weekly:1224
init @ js?key=AIzaSyDKT9fftvHwreKtLZDb7KsTOE-d_kwuRrM&libraries=places,geometry&v=weekly:1419
init @ js?key=AIzaSyDKT9fftvHwreKtLZDb7KsTOE-d_kwuRrM&libraries=places,geometry&v=weekly:1418
Bda @ js?key=AIzaSyDKT9fftvHwreKtLZDb7KsTOE-d_kwuRrM&libraries=places,geometry&v=weekly:1330
iea @ js?key=AIzaSyDKT9fftvHwreKtLZDb7KsTOE-d_kwuRrM&libraries=places,geometry&v=weekly:1362
google.maps.Load @ js?key=AIzaSyDKT9fftvHwreKtLZDb7KsTOE-d_kwuRrM&libraries=places,geometry&v=weekly:14
(anonymous) @ js?key=AIzaSyDKT9fftvHwreKtLZDb7KsTOE-d_kwuRrM&libraries=places,geometry&v=weekly:1665
(anonymous) @ js?key=AIzaSyDKT9fftvHwreKtLZDb7KsTOE-d_kwuRrM&libraries=places,geometry&v=weekly:1665
js?key=AIzaSyDKT9fftvHwreKtLZDb7KsTOE-d_kwuRrM&libraries=places,geometry&v=weekly:1264 Element with name "gmp-place-details-place-request" already defined.
_.qp @ js?key=AIzaSyDKT9fftvHwreKtLZDb7KsTOE-d_kwuRrM&libraries=places,geometry&v=weekly:1264
Lra @ js?key=AIzaSyDKT9fftvHwreKtLZDb7KsTOE-d_kwuRrM&libraries=places,geometry&v=weekly:253
(anonymous) @ js?key=AIzaSyDKT9fftvHwreKtLZDb7KsTOE-d_kwuRrM&libraries=places,geometry&v=weekly:940
(anonymous) @ js?key=AIzaSyDKT9fftvHwreKtLZDb7KsTOE-d_kwuRrM&libraries=places,geometry&v=weekly:1224
(anonymous) @ js?key=AIzaSyDKT9fftvHwreKtLZDb7KsTOE-d_kwuRrM&libraries=places,geometry&v=weekly:1226
(anonymous) @ js?key=AIzaSyDKT9fftvHwreKtLZDb7KsTOE-d_kwuRrM&libraries=places,geometry&v=weekly:1224
init @ js?key=AIzaSyDKT9fftvHwreKtLZDb7KsTOE-d_kwuRrM&libraries=places,geometry&v=weekly:1419
init @ js?key=AIzaSyDKT9fftvHwreKtLZDb7KsTOE-d_kwuRrM&libraries=places,geometry&v=weekly:1418
Bda @ js?key=AIzaSyDKT9fftvHwreKtLZDb7KsTOE-d_kwuRrM&libraries=places,geometry&v=weekly:1330
iea @ js?key=AIzaSyDKT9fftvHwreKtLZDb7KsTOE-d_kwuRrM&libraries=places,geometry&v=weekly:1362
google.maps.Load @ js?key=AIzaSyDKT9fftvHwreKtLZDb7KsTOE-d_kwuRrM&libraries=places,geometry&v=weekly:14
(anonymous) @ js?key=AIzaSyDKT9fftvHwreKtLZDb7KsTOE-d_kwuRrM&libraries=places,geometry&v=weekly:1665
(anonymous) @ js?key=AIzaSyDKT9fftvHwreKtLZDb7KsTOE-d_kwuRrM&libraries=places,geometry&v=weekly:1665
js?key=AIzaSyDKT9fftvHwreKtLZDb7KsTOE-d_kwuRrM&libraries=places,geometry&v=weekly:1264 Element with name "gmp-internal-place-carousel" already defined.
_.qp @ js?key=AIzaSyDKT9fftvHwreKtLZDb7KsTOE-d_kwuRrM&libraries=places,geometry&v=weekly:1264
(anonymous) @ js?key=AIzaSyDKT9fftvHwreKtLZDb7KsTOE-d_kwuRrM&libraries=places,geometry&v=weekly:995
(anonymous) @ js?key=AIzaSyDKT9fftvHwreKtLZDb7KsTOE-d_kwuRrM&libraries=places,geometry&v=weekly:1224
(anonymous) @ js?key=AIzaSyDKT9fftvHwreKtLZDb7KsTOE-d_kwuRrM&libraries=places,geometry&v=weekly:1226
(anonymous) @ js?key=AIzaSyDKT9fftvHwreKtLZDb7KsTOE-d_kwuRrM&libraries=places,geometry&v=weekly:1224
init @ js?key=AIzaSyDKT9fftvHwreKtLZDb7KsTOE-d_kwuRrM&libraries=places,geometry&v=weekly:1419
init @ js?key=AIzaSyDKT9fftvHwreKtLZDb7KsTOE-d_kwuRrM&libraries=places,geometry&v=weekly:1418
Bda @ js?key=AIzaSyDKT9fftvHwreKtLZDb7KsTOE-d_kwuRrM&libraries=places,geometry&v=weekly:1330
iea @ js?key=AIzaSyDKT9fftvHwreKtLZDb7KsTOE-d_kwuRrM&libraries=places,geometry&v=weekly:1362
google.maps.Load @ js?key=AIzaSyDKT9fftvHwreKtLZDb7KsTOE-d_kwuRrM&libraries=places,geometry&v=weekly:14
(anonymous) @ js?key=AIzaSyDKT9fftvHwreKtLZDb7KsTOE-d_kwuRrM&libraries=places,geometry&v=weekly:1665
(anonymous) @ js?key=AIzaSyDKT9fftvHwreKtLZDb7KsTOE-d_kwuRrM&libraries=places,geometry&v=weekly:1665
js?key=AIzaSyDKT9fftvHwreKtLZDb7KsTOE-d_kwuRrM&libraries=places,geometry&v=weekly:1264 Element with name "gmp-internal-place-search-list-item" already defined.
_.qp @ js?key=AIzaSyDKT9fftvHwreKtLZDb7KsTOE-d_kwuRrM&libraries=places,geometry&v=weekly:1264
(anonymous) @ js?key=AIzaSyDKT9fftvHwreKtLZDb7KsTOE-d_kwuRrM&libraries=places,geometry&v=weekly:996
(anonymous) @ js?key=AIzaSyDKT9fftvHwreKtLZDb7KsTOE-d_kwuRrM&libraries=places,geometry&v=weekly:1224
(anonymous) @ js?key=AIzaSyDKT9fftvHwreKtLZDb7KsTOE-d_kwuRrM&libraries=places,geometry&v=weekly:1226
(anonymous) @ js?key=AIzaSyDKT9fftvHwreKtLZDb7KsTOE-d_kwuRrM&libraries=places,geometry&v=weekly:1224
init @ js?key=AIzaSyDKT9fftvHwreKtLZDb7KsTOE-d_kwuRrM&libraries=places,geometry&v=weekly:1419
init @ js?key=AIzaSyDKT9fftvHwreKtLZDb7KsTOE-d_kwuRrM&libraries=places,geometry&v=weekly:1418
Bda @ js?key=AIzaSyDKT9fftvHwreKtLZDb7KsTOE-d_kwuRrM&libraries=places,geometry&v=weekly:1330
iea @ js?key=AIzaSyDKT9fftvHwreKtLZDb7KsTOE-d_kwuRrM&libraries=places,geometry&v=weekly:1362
google.maps.Load @ js?key=AIzaSyDKT9fftvHwreKtLZDb7KsTOE-d_kwuRrM&libraries=places,geometry&v=weekly:14
(anonymous) @ js?key=AIzaSyDKT9fftvHwreKtLZDb7KsTOE-d_kwuRrM&libraries=places,geometry&v=weekly:1665
(anonymous) @ js?key=AIzaSyDKT9fftvHwreKtLZDb7KsTOE-d_kwuRrM&libraries=places,geometry&v=weekly:1665
js?key=AIzaSyDKT9fftvHwreKtLZDb7KsTOE-d_kwuRrM&libraries=places,geometry&v=weekly:1264 Element with name "gmp-map" already defined.
_.qp @ js?key=AIzaSyDKT9fftvHwreKtLZDb7KsTOE-d_kwuRrM&libraries=places,geometry&v=weekly:1264
iea @ js?key=AIzaSyDKT9fftvHwreKtLZDb7KsTOE-d_kwuRrM&libraries=places,geometry&v=weekly:1362
google.maps.Load @ js?key=AIzaSyDKT9fftvHwreKtLZDb7KsTOE-d_kwuRrM&libraries=places,geometry&v=weekly:14
(anonymous) @ js?key=AIzaSyDKT9fftvHwreKtLZDb7KsTOE-d_kwuRrM&libraries=places,geometry&v=weekly:1665
(anonymous) @ js?key=AIzaSyDKT9fftvHwreKtLZDb7KsTOE-d_kwuRrM&libraries=places,geometry&v=weekly:1665
js?key=AIzaSyDKT9fftvHwreKtLZDb7KsTOE-d_kwuRrM&libraries=places,geometry&v=weekly:1264 Element with name "gmp-place-autocomplete" already defined.
_.qp @ js?key=AIzaSyDKT9fftvHwreKtLZDb7KsTOE-d_kwuRrM&libraries=places,geometry&v=weekly:1264
connectForExplicitThirdPartyLoad @ js?key=AIzaSyDKT9fftvHwreKtLZDb7KsTOE-d_kwuRrM&libraries=places,geometry&v=weekly:1059
rda @ js?key=AIzaSyDKT9fftvHwreKtLZDb7KsTOE-d_kwuRrM&libraries=places,geometry&v=weekly:1326
await in rda
iea @ js?key=AIzaSyDKT9fftvHwreKtLZDb7KsTOE-d_kwuRrM&libraries=places,geometry&v=weekly:1364
google.maps.Load @ js?key=AIzaSyDKT9fftvHwreKtLZDb7KsTOE-d_kwuRrM&libraries=places,geometry&v=weekly:14
(anonymous) @ js?key=AIzaSyDKT9fftvHwreKtLZDb7KsTOE-d_kwuRrM&libraries=places,geometry&v=weekly:1665
(anonymous) @ js?key=AIzaSyDKT9fftvHwreKtLZDb7KsTOE-d_kwuRrM&libraries=places,geometry&v=weekly:1665
js?key=AIzaSyDKT9fftvHwreKtLZDb7KsTOE-d_kwuRrM&libraries=places,geometry&v=weekly:1264 Element with name "gmp-basic-place-autocomplete" already defined.
_.qp @ js?key=AIzaSyDKT9fftvHwreKtLZDb7KsTOE-d_kwuRrM&libraries=places,geometry&v=weekly:1264
connectForExplicitThirdPartyLoad @ js?key=AIzaSyDKT9fftvHwreKtLZDb7KsTOE-d_kwuRrM&libraries=places,geometry&v=weekly:1059
rda @ js?key=AIzaSyDKT9fftvHwreKtLZDb7KsTOE-d_kwuRrM&libraries=places,geometry&v=weekly:1326
await in rda
iea @ js?key=AIzaSyDKT9fftvHwreKtLZDb7KsTOE-d_kwuRrM&libraries=places,geometry&v=weekly:1364
google.maps.Load @ js?key=AIzaSyDKT9fftvHwreKtLZDb7KsTOE-d_kwuRrM&libraries=places,geometry&v=weekly:14
(anonymous) @ js?key=AIzaSyDKT9fftvHwreKtLZDb7KsTOE-d_kwuRrM&libraries=places,geometry&v=weekly:1665
(anonymous) @ js?key=AIzaSyDKT9fftvHwreKtLZDb7KsTOE-d_kwuRrM&libraries=places,geometry&v=weekly:1665
js?key=AIzaSyDKT9fftvHwreKtLZDb7KsTOE-d_kwuRrM&libraries=places,geometry&v=weekly:1264 Element with name "gmp-place-search" already defined.
_.qp @ js?key=AIzaSyDKT9fftvHwreKtLZDb7KsTOE-d_kwuRrM&libraries=places,geometry&v=weekly:1264
connectForExplicitThirdPartyLoad @ js?key=AIzaSyDKT9fftvHwreKtLZDb7KsTOE-d_kwuRrM&libraries=places,geometry&v=weekly:1059
rda @ js?key=AIzaSyDKT9fftvHwreKtLZDb7KsTOE-d_kwuRrM&libraries=places,geometry&v=weekly:1326
await in rda
iea @ js?key=AIzaSyDKT9fftvHwreKtLZDb7KsTOE-d_kwuRrM&libraries=places,geometry&v=weekly:1364
google.maps.Load @ js?key=AIzaSyDKT9fftvHwreKtLZDb7KsTOE-d_kwuRrM&libraries=places,geometry&v=weekly:14
(anonymous) @ js?key=AIzaSyDKT9fftvHwreKtLZDb7KsTOE-d_kwuRrM&libraries=places,geometry&v=weekly:1665
(anonymous) @ js?key=AIzaSyDKT9fftvHwreKtLZDb7KsTOE-d_kwuRrM&libraries=places,geometry&v=weekly:1665
js?key=AIzaSyDKT9fftvHwreKtLZDb7KsTOE-d_kwuRrM&libraries=places,geometry&v=weekly:1264 Element with name "gmp-place-text-search-request" already defined.
_.qp @ js?key=AIzaSyDKT9fftvHwreKtLZDb7KsTOE-d_kwuRrM&libraries=places,geometry&v=weekly:1264
connectForExplicitThirdPartyLoad @ js?key=AIzaSyDKT9fftvHwreKtLZDb7KsTOE-d_kwuRrM&libraries=places,geometry&v=weekly:1059
rda @ js?key=AIzaSyDKT9fftvHwreKtLZDb7KsTOE-d_kwuRrM&libraries=places,geometry&v=weekly:1326
await in rda
iea @ js?key=AIzaSyDKT9fftvHwreKtLZDb7KsTOE-d_kwuRrM&libraries=places,geometry&v=weekly:1364
google.maps.Load @ js?key=AIzaSyDKT9fftvHwreKtLZDb7KsTOE-d_kwuRrM&libraries=places,geometry&v=weekly:14
(anonymous) @ js?key=AIzaSyDKT9fftvHwreKtLZDb7KsTOE-d_kwuRrM&libraries=places,geometry&v=weekly:1665
(anonymous) @ js?key=AIzaSyDKT9fftvHwreKtLZDb7KsTOE-d_kwuRrM&libraries=places,geometry&v=weekly:1665
js?key=AIzaSyDKT9fftvHwreKtLZDb7KsTOE-d_kwuRrM&libraries=places,geometry&v=weekly:1264 Element with name "gmp-place-nearby-search-request" already defined.
_.qp @ js?key=AIzaSyDKT9fftvHwreKtLZDb7KsTOE-d_kwuRrM&libraries=places,geometry&v=weekly:1264
connectForExplicitThirdPartyLoad @ js?key=AIzaSyDKT9fftvHwreKtLZDb7KsTOE-d_kwuRrM&libraries=places,geometry&v=weekly:1059
rda @ js?key=AIzaSyDKT9fftvHwreKtLZDb7KsTOE-d_kwuRrM&libraries=places,geometry&v=weekly:1326
await in rda
iea @ js?key=AIzaSyDKT9fftvHwreKtLZDb7KsTOE-d_kwuRrM&libraries=places,geometry&v=weekly:1364
google.maps.Load @ js?key=AIzaSyDKT9fftvHwreKtLZDb7KsTOE-d_kwuRrM&libraries=places,geometry&v=weekly:14
(anonymous) @ js?key=AIzaSyDKT9fftvHwreKtLZDb7KsTOE-d_kwuRrM&libraries=places,geometry&v=weekly:1665
(anonymous) @ js?key=AIzaSyDKT9fftvHwreKtLZDb7KsTOE-d_kwuRrM&libraries=places,geometry&v=weekly:1665
js?key=AIzaSyDKT9fftvHwreKtLZDb7KsTOE-d_kwuRrM&libraries=places,geometry&v=weekly:1264 Element with name "gmp-place-details" already defined.
_.qp @ js?key=AIzaSyDKT9fftvHwreKtLZDb7KsTOE-d_kwuRrM&libraries=places,geometry&v=weekly:1264
connectForExplicitThirdPartyLoad @ js?key=AIzaSyDKT9fftvHwreKtLZDb7KsTOE-d_kwuRrM&libraries=places,geometry&v=weekly:1059
rda @ js?key=AIzaSyDKT9fftvHwreKtLZDb7KsTOE-d_kwuRrM&libraries=places,geometry&v=weekly:1326
await in rda
iea @ js?key=AIzaSyDKT9fftvHwreKtLZDb7KsTOE-d_kwuRrM&libraries=places,geometry&v=weekly:1364
google.maps.Load @ js?key=AIzaSyDKT9fftvHwreKtLZDb7KsTOE-d_kwuRrM&libraries=places,geometry&v=weekly:14
(anonymous) @ js?key=AIzaSyDKT9fftvHwreKtLZDb7KsTOE-d_kwuRrM&libraries=places,geometry&v=weekly:1665
(anonymous) @ js?key=AIzaSyDKT9fftvHwreKtLZDb7KsTOE-d_kwuRrM&libraries=places,geometry&v=weekly:1665
js?key=AIzaSyDKT9fftvHwreKtLZDb7KsTOE-d_kwuRrM&libraries=places,geometry&v=weekly:1264 Element with name "gmp-place-details-compact" already defined.
_.qp @ js?key=AIzaSyDKT9fftvHwreKtLZDb7KsTOE-d_kwuRrM&libraries=places,geometry&v=weekly:1264
connectForExplicitThirdPartyLoad @ js?key=AIzaSyDKT9fftvHwreKtLZDb7KsTOE-d_kwuRrM&libraries=places,geometry&v=weekly:1059
rda @ js?key=AIzaSyDKT9fftvHwreKtLZDb7KsTOE-d_kwuRrM&libraries=places,geometry&v=weekly:1326
await in rda
iea @ js?key=AIzaSyDKT9fftvHwreKtLZDb7KsTOE-d_kwuRrM&libraries=places,geometry&v=weekly:1364
google.maps.Load @ js?key=AIzaSyDKT9fftvHwreKtLZDb7KsTOE-d_kwuRrM&libraries=places,geometry&v=weekly:14
(anonymous) @ js?key=AIzaSyDKT9fftvHwreKtLZDb7KsTOE-d_kwuRrM&libraries=places,geometry&v=weekly:1665
(anonymous) @ js?key=AIzaSyDKT9fftvHwreKtLZDb7KsTOE-d_kwuRrM&libraries=places,geometry&v=weekly:1665
js?key=AIzaSyDKT9fftvHwreKtLZDb7KsTOE-d_kwuRrM&libraries=places,geometry&v=weekly:1264 Element with name "gmp-place-details-location-request" already defined.
_.qp @ js?key=AIzaSyDKT9fftvHwreKtLZDb7KsTOE-d_kwuRrM&libraries=places,geometry&v=weekly:1264
connectForExplicitThirdPartyLoad @ js?key=AIzaSyDKT9fftvHwreKtLZDb7KsTOE-d_kwuRrM&libraries=places,geometry&v=weekly:1059
rda @ js?key=AIzaSyDKT9fftvHwreKtLZDb7KsTOE-d_kwuRrM&libraries=places,geometry&v=weekly:1326
await in rda
iea @ js?key=AIzaSyDKT9fftvHwreKtLZDb7KsTOE-d_kwuRrM&libraries=places,geometry&v=weekly:1364
google.maps.Load @ js?key=AIzaSyDKT9fftvHwreKtLZDb7KsTOE-d_kwuRrM&libraries=places,geometry&v=weekly:14
(anonymous) @ js?key=AIzaSyDKT9fftvHwreKtLZDb7KsTOE-d_kwuRrM&libraries=places,geometry&v=weekly:1665
(anonymous) @ js?key=AIzaSyDKT9fftvHwreKtLZDb7KsTOE-d_kwuRrM&libraries=places,geometry&v=weekly:1665
js?key=AIzaSyDKT9fftvHwreKtLZDb7KsTOE-d_kwuRrM&libraries=places,geometry&v=weekly:1264 Element with name "gmp-place-standard-content" already defined.
_.qp @ js?key=AIzaSyDKT9fftvHwreKtLZDb7KsTOE-d_kwuRrM&libraries=places,geometry&v=weekly:1264
connectForExplicitThirdPartyLoad @ js?key=AIzaSyDKT9fftvHwreKtLZDb7KsTOE-d_kwuRrM&libraries=places,geometry&v=weekly:1059
rda @ js?key=AIzaSyDKT9fftvHwreKtLZDb7KsTOE-d_kwuRrM&libraries=places,geometry&v=weekly:1326
await in rda
iea @ js?key=AIzaSyDKT9fftvHwreKtLZDb7KsTOE-d_kwuRrM&libraries=places,geometry&v=weekly:1364
google.maps.Load @ js?key=AIzaSyDKT9fftvHwreKtLZDb7KsTOE-d_kwuRrM&libraries=places,geometry&v=weekly:14
(anonymous) @ js?key=AIzaSyDKT9fftvHwreKtLZDb7KsTOE-d_kwuRrM&libraries=places,geometry&v=weekly:1665
(anonymous) @ js?key=AIzaSyDKT9fftvHwreKtLZDb7KsTOE-d_kwuRrM&libraries=places,geometry&v=weekly:1665
js?key=AIzaSyDKT9fftvHwreKtLZDb7KsTOE-d_kwuRrM&libraries=places,geometry&v=weekly:1264 Element with name "gmp-place-all-content" already defined.
_.qp @ js?key=AIzaSyDKT9fftvHwreKtLZDb7KsTOE-d_kwuRrM&libraries=places,geometry&v=weekly:1264
connectForExplicitThirdPartyLoad @ js?key=AIzaSyDKT9fftvHwreKtLZDb7KsTOE-d_kwuRrM&libraries=places,geometry&v=weekly:1059
rda @ js?key=AIzaSyDKT9fftvHwreKtLZDb7KsTOE-d_kwuRrM&libraries=places,geometry&v=weekly:1326
await in rda
iea @ js?key=AIzaSyDKT9fftvHwreKtLZDb7KsTOE-d_kwuRrM&libraries=places,geometry&v=weekly:1364
google.maps.Load @ js?key=AIzaSyDKT9fftvHwreKtLZDb7KsTOE-d_kwuRrM&libraries=places,geometry&v=weekly:14
(anonymous) @ js?key=AIzaSyDKT9fftvHwreKtLZDb7KsTOE-d_kwuRrM&libraries=places,geometry&v=weekly:1665
(anonymous) @ js?key=AIzaSyDKT9fftvHwreKtLZDb7KsTOE-d_kwuRrM&libraries=places,geometry&v=weekly:1665
index-ei4kQ0Q2.js:1  GET https://lgladnskxmbkhcnrsfxv.supabase.co/functions/v1/youtube-proxy?action=search&q=cooking+food+recipe+tutorial&maxResults=24&order=date 401 (Unauthorized)
(anonymous) @ index-ei4kQ0Q2.js:1
xhr @ index-ei4kQ0Q2.js:1
Ge @ index-ei4kQ0Q2.js:1
_request @ index-ei4kQ0Q2.js:1
request @ index-ei4kQ0Q2.js:1
nt.<computed> @ index-ei4kQ0Q2.js:1
(anonymous) @ index-ei4kQ0Q2.js:1
searchVideos @ youtube-DzBAOh_v.js:1
(anonymous) @ TrimsNew-D1qvEV4J.js:7
(anonymous) @ TrimsNew-D1qvEV4J.js:7
vl @ index-DIAXOK0v.js:11
rc @ index-DIAXOK0v.js:11
rc @ index-DIAXOK0v.js:11
nc @ index-DIAXOK0v.js:11
tc @ index-DIAXOK0v.js:11
nc @ index-DIAXOK0v.js:11
tc @ index-DIAXOK0v.js:11
nc @ index-DIAXOK0v.js:11
tc @ index-DIAXOK0v.js:11
nc @ index-DIAXOK0v.js:11
tc @ index-DIAXOK0v.js:11
nc @ index-DIAXOK0v.js:11
tc @ index-DIAXOK0v.js:11
nc @ index-DIAXOK0v.js:11
tc @ index-DIAXOK0v.js:11
nc @ index-DIAXOK0v.js:11
tc @ index-DIAXOK0v.js:11
nc @ index-DIAXOK0v.js:11
tc @ index-DIAXOK0v.js:11
nc @ index-DIAXOK0v.js:11
tc @ index-DIAXOK0v.js:11
nc @ index-DIAXOK0v.js:11
tc @ index-DIAXOK0v.js:11
nc @ index-DIAXOK0v.js:11
tc @ index-DIAXOK0v.js:11
nc @ index-DIAXOK0v.js:11
tc @ index-DIAXOK0v.js:11
nc @ index-DIAXOK0v.js:11
Su @ index-DIAXOK0v.js:11
(anonymous) @ index-DIAXOK0v.js:11
P @ index-DIAXOK0v.js:2
index-ei4kQ0Q2.js:1  GET https://lgladnskxmbkhcnrsfxv.supabase.co/functions/v1/youtube-proxy?action=search&q=cooking+food+recipe+tutorial&maxResults=24&order=relevance 401 (Unauthorized)
(anonymous) @ index-ei4kQ0Q2.js:1
xhr @ index-ei4kQ0Q2.js:1
Ge @ index-ei4kQ0Q2.js:1
_request @ index-ei4kQ0Q2.js:1
request @ index-ei4kQ0Q2.js:1
nt.<computed> @ index-ei4kQ0Q2.js:1
(anonymous) @ index-ei4kQ0Q2.js:1
searchVideos @ youtube-DzBAOh_v.js:1
(anonymous) @ TrimsNew-D1qvEV4J.js:7
(anonymous) @ TrimsNew-D1qvEV4J.js:7
setTimeout
(anonymous) @ TrimsNew-D1qvEV4J.js:7
vl @ index-DIAXOK0v.js:11
rc @ index-DIAXOK0v.js:11
rc @ index-DIAXOK0v.js:11
nc @ index-DIAXOK0v.js:11
tc @ index-DIAXOK0v.js:11
nc @ index-DIAXOK0v.js:11
tc @ index-DIAXOK0v.js:11
nc @ index-DIAXOK0v.js:11
tc @ index-DIAXOK0v.js:11
nc @ index-DIAXOK0v.js:11
tc @ index-DIAXOK0v.js:11
nc @ index-DIAXOK0v.js:11
tc @ index-DIAXOK0v.js:11
nc @ index-DIAXOK0v.js:11
tc @ index-DIAXOK0v.js:11
nc @ index-DIAXOK0v.js:11
tc @ index-DIAXOK0v.js:11
nc @ index-DIAXOK0v.js:11
tc @ index-DIAXOK0v.js:11
nc @ index-DIAXOK0v.js:11
tc @ index-DIAXOK0v.js:11
nc @ index-DIAXOK0v.js:11
tc @ index-DIAXOK0v.js:11
nc @ index-DIAXOK0v.js:11
tc @ index-DIAXOK0v.js:11
nc @ index-DIAXOK0v.js:11
tc @ index-DIAXOK0v.js:11
nc @ index-DIAXOK0v.js:11
Su @ index-DIAXOK0v.js:11
(anonymous) @ index-DIAXOK0v.js:11
P @ index-DIAXOK0v.js:2
js?key=AIzaSyDKT9fftvHwreKtLZDb7KsTOE-d_kwuRrM&libraries=places,geometry&v=weekly:1459 As of February 21st, 2024, google.maps.Marker is deprecated. Please use google.maps.marker.AdvancedMarkerElement instead. At this time, google.maps.Marker is not scheduled to be discontinued, but google.maps.marker.AdvancedMarkerElement is recommended over google.maps.Marker. While google.maps.Marker will continue to receive bug fixes for any major regressions, existing bugs in google.maps.Marker will not be addressed. At least 12 months notice will be given before support is discontinued. Please see https://developers.google.com/maps/deprecations for additional details and https://developers.google.com/maps/documentation/javascript/advanced-markers/migration for the migration guide.
Yz @ js?key=AIzaSyDKT9fftvHwreKtLZDb7KsTOE-d_kwuRrM&libraries=places,geometry&v=weekly:1459
_.yt @ js?key=AIzaSyDKT9fftvHwreKtLZDb7KsTOE-d_kwuRrM&libraries=places,geometry&v=weekly:1459
(anonymous) @ ScoutNew-CgWhrL_w.js:7
vl @ index-DIAXOK0v.js:11
nc @ index-DIAXOK0v.js:11
tc @ index-DIAXOK0v.js:11
nc @ index-DIAXOK0v.js:11
tc @ index-DIAXOK0v.js:11
nc @ index-DIAXOK0v.js:11
tc @ index-DIAXOK0v.js:11
nc @ index-DIAXOK0v.js:11
tc @ index-DIAXOK0v.js:11
nc @ index-DIAXOK0v.js:11
tc @ index-DIAXOK0v.js:11
nc @ index-DIAXOK0v.js:11
tc @ index-DIAXOK0v.js:11
nc @ index-DIAXOK0v.js:11
tc @ index-DIAXOK0v.js:11
nc @ index-DIAXOK0v.js:11
tc @ index-DIAXOK0v.js:11
nc @ index-DIAXOK0v.js:11
tc @ index-DIAXOK0v.js:11
nc @ index-DIAXOK0v.js:11
tc @ index-DIAXOK0v.js:11
nc @ index-DIAXOK0v.js:11
tc @ index-DIAXOK0v.js:11
nc @ index-DIAXOK0v.js:11
tc @ index-DIAXOK0v.js:11
nc @ index-DIAXOK0v.js:11
tc @ index-DIAXOK0v.js:11
nc @ index-DIAXOK0v.js:11
tc @ index-DIAXOK0v.js:11
nc @ index-DIAXOK0v.js:11
tc @ index-DIAXOK0v.js:11
nc @ index-DIAXOK0v.js:11
tc @ index-DIAXOK0v.js:11
nc @ index-DIAXOK0v.js:11
tc @ index-DIAXOK0v.js:11
nc @ index-DIAXOK0v.js:11
Su @ index-DIAXOK0v.js:11
(anonymous) @ index-DIAXOK0v.js:11
P @ index-DIAXOK0v.js:2
index-ei4kQ0Q2.js:1  GET https://lgladnskxmbkhcnrsfxv.supabase.co/functions/v1/youtube-proxy?action=search&q=chef+tips&maxResults=1&order=relevance 401 (Unauthorized)
(anonymous) @ index-ei4kQ0Q2.js:1
xhr @ index-ei4kQ0Q2.js:1
Ge @ index-ei4kQ0Q2.js:1
_request @ index-ei4kQ0Q2.js:1
request @ index-ei4kQ0Q2.js:1
nt.<computed> @ index-ei4kQ0Q2.js:1
(anonymous) @ index-ei4kQ0Q2.js:1
searchVideos @ youtube-DzBAOh_v.js:1
(anonymous) @ FeedNew-BgsiqU-D.js:7
P @ FeedNew-BgsiqU-D.js:7
fetchVideoCards @ FeedNew-BgsiqU-D.js:7
generateFeed @ FeedNew-BgsiqU-D.js:7
await in generateFeed
(anonymous) @ FeedNew-BgsiqU-D.js:7
(anonymous) @ FeedNew-BgsiqU-D.js:7
(anonymous) @ FeedNew-BgsiqU-D.js:7
(anonymous) @ FeedNew-BgsiqU-D.js:7
vl @ index-DIAXOK0v.js:11
rc @ index-DIAXOK0v.js:11
nc @ index-DIAXOK0v.js:11
tc @ index-DIAXOK0v.js:11
nc @ index-DIAXOK0v.js:11
tc @ index-DIAXOK0v.js:11
nc @ index-DIAXOK0v.js:11
tc @ index-DIAXOK0v.js:11
nc @ index-DIAXOK0v.js:11
tc @ index-DIAXOK0v.js:11
nc @ index-DIAXOK0v.js:11
tc @ index-DIAXOK0v.js:11
nc @ index-DIAXOK0v.js:11
tc @ index-DIAXOK0v.js:11
nc @ index-DIAXOK0v.js:11
tc @ index-DIAXOK0v.js:11
nc @ index-DIAXOK0v.js:11
tc @ index-DIAXOK0v.js:11
nc @ index-DIAXOK0v.js:11
tc @ index-DIAXOK0v.js:11
nc @ index-DIAXOK0v.js:11
tc @ index-DIAXOK0v.js:11
nc @ index-DIAXOK0v.js:11
tc @ index-DIAXOK0v.js:11
nc @ index-DIAXOK0v.js:11
tc @ index-DIAXOK0v.js:11
nc @ index-DIAXOK0v.js:11
Su @ index-DIAXOK0v.js:11
(anonymous) @ index-DIAXOK0v.js:11
P @ index-DIAXOK0v.js:2
VM186 js:1362 Uncaught (in promise) TypeError: Cannot read properties of undefined (reading 'cJ')
(anonymous) @ VM186 js:1362
Promise.then
(anonymous) @ VM186 js:1362
setTimeout
iea @ VM186 js:1362
google.maps.Load @ VM186 js:14
(anonymous) @ VM186 js:1665
(anonymous) @ VM186 js:1665
index-ei4kQ0Q2.js:1  GET https://lgladnskxmbkhcnrsfxv.supabase.co/functions/v1/youtube-proxy?action=search&q=quick+cooking&maxResults=24&order=date 401 (Unauthorized)
(anonymous) @ index-ei4kQ0Q2.js:1
xhr @ index-ei4kQ0Q2.js:1
Ge @ index-ei4kQ0Q2.js:1
_request @ index-ei4kQ0Q2.js:1
request @ index-ei4kQ0Q2.js:1
nt.<computed> @ index-ei4kQ0Q2.js:1
(anonymous) @ index-ei4kQ0Q2.js:1
searchVideos @ youtube-DzBAOh_v.js:1
(anonymous) @ TrimsNew-D1qvEV4J.js:7
(anonymous) @ TrimsNew-D1qvEV4J.js:7
setTimeout
(anonymous) @ TrimsNew-D1qvEV4J.js:7
vl @ index-DIAXOK0v.js:11
nc @ index-DIAXOK0v.js:11
tc @ index-DIAXOK0v.js:11
nc @ index-DIAXOK0v.js:11
tc @ index-DIAXOK0v.js:11
nc @ index-DIAXOK0v.js:11
tc @ index-DIAXOK0v.js:11
nc @ index-DIAXOK0v.js:11
tc @ index-DIAXOK0v.js:11
nc @ index-DIAXOK0v.js:11
tc @ index-DIAXOK0v.js:11
nc @ index-DIAXOK0v.js:11
tc @ index-DIAXOK0v.js:11
nc @ index-DIAXOK0v.js:11
tc @ index-DIAXOK0v.js:11
nc @ index-DIAXOK0v.js:11
tc @ index-DIAXOK0v.js:11
nc @ index-DIAXOK0v.js:11
tc @ index-DIAXOK0v.js:11
nc @ index-DIAXOK0v.js:11
tc @ index-DIAXOK0v.js:11
nc @ index-DIAXOK0v.js:11
tc @ index-DIAXOK0v.js:11
nc @ index-DIAXOK0v.js:11
tc @ index-DIAXOK0v.js:11
nc @ index-DIAXOK0v.js:11
tc @ index-DIAXOK0v.js:11
nc @ index-DIAXOK0v.js:11
tc @ index-DIAXOK0v.js:11
nc @ index-DIAXOK0v.js:11
Su @ index-DIAXOK0v.js:11
ku @ index-DIAXOK0v.js:11
wu @ index-DIAXOK0v.js:11
yu @ index-DIAXOK0v.js:11
Qc @ index-DIAXOK0v.js:11
Xc @ index-DIAXOK0v.js:11
Vu @ index-DIAXOK0v.js:11
Mu @ index-DIAXOK0v.js:11
$u @ index-DIAXOK0v.js:11
(anonymous) @ index-DIAXOK0v.js:11
index-ei4kQ0Q2.js:1  GET https://lgladnskxmbkhcnrsfxv.supabase.co/functions/v1/youtube-proxy?action=search&q=dessert+cooking&maxResults=24&order=date 401 (Unauthorized)
(anonymous) @ index-ei4kQ0Q2.js:1
xhr @ index-ei4kQ0Q2.js:1
Ge @ index-ei4kQ0Q2.js:1
_request @ index-ei4kQ0Q2.js:1
request @ index-ei4kQ0Q2.js:1
nt.<computed> @ index-ei4kQ0Q2.js:1
(anonymous) @ index-ei4kQ0Q2.js:1
searchVideos @ youtube-DzBAOh_v.js:1
(anonymous) @ TrimsNew-D1qvEV4J.js:7
(anonymous) @ TrimsNew-D1qvEV4J.js:7
setTimeout
(anonymous) @ TrimsNew-D1qvEV4J.js:7
vl @ index-DIAXOK0v.js:11
nc @ index-DIAXOK0v.js:11
tc @ index-DIAXOK0v.js:11
nc @ index-DIAXOK0v.js:11
tc @ index-DIAXOK0v.js:11
nc @ index-DIAXOK0v.js:11
tc @ index-DIAXOK0v.js:11
nc @ index-DIAXOK0v.js:11
tc @ index-DIAXOK0v.js:11
nc @ index-DIAXOK0v.js:11
tc @ index-DIAXOK0v.js:11
nc @ index-DIAXOK0v.js:11
tc @ index-DIAXOK0v.js:11
nc @ index-DIAXOK0v.js:11
tc @ index-DIAXOK0v.js:11
nc @ index-DIAXOK0v.js:11
tc @ index-DIAXOK0v.js:11
nc @ index-DIAXOK0v.js:11
tc @ index-DIAXOK0v.js:11
nc @ index-DIAXOK0v.js:11
tc @ index-DIAXOK0v.js:11
nc @ index-DIAXOK0v.js:11
tc @ index-DIAXOK0v.js:11
nc @ index-DIAXOK0v.js:11
tc @ index-DIAXOK0v.js:11
nc @ index-DIAXOK0v.js:11
tc @ index-DIAXOK0v.js:11
nc @ index-DIAXOK0v.js:11
tc @ index-DIAXOK0v.js:11
nc @ index-DIAXOK0v.js:11
Su @ index-DIAXOK0v.js:11
ku @ index-DIAXOK0v.js:11
wu @ index-DIAXOK0v.js:11
yu @ index-DIAXOK0v.js:11
Qc @ index-DIAXOK0v.js:11
Xc @ index-DIAXOK0v.js:11
Vu @ index-DIAXOK0v.js:11
Mu @ index-DIAXOK0v.js:11
$u @ index-DIAXOK0v.js:11
(anonymous) @ index-DIAXOK0v.js:11
